Info    : Running 'E:\pythonGATH\.venv\Scripts\gmsh bem_mesh.geo -' [Gmsh 4.15.1, 1 node, max. 1 thread]
Info    : Started on Tue Mar 31 07:28:50 2026
Info    : Reading 'bem_mesh.geo'...
Info    : Running 'E:\pythonGATH\.venv\Scripts\gmsh mesh.geo -' [Gmsh 4.15.1, 1 node, max. 1 thread]
Info    : Started on Tue Mar 31 07:28:52 2026
Info    : Reading 'mesh.geo'...

-destination directory: E:\pythonGATH\ath-2025-06\projects\config\runs\20260331_072850\ath\horn
-calculating profiles
-morphing to rectangle
-morph: adding -229.151 mm in width
-morph: adding -249.35 mm in height
-fixed length: 283.864 mm
-stretched to boundary: dx=246.308 dy=248.836
-stretched to boundary: dx=0 dy=0
Maximum radius: 783.565 mm (1567.131 mm diameter)
-created directory E:\pythonGATH\ath-2025-06\projects\config\runs\20260331_072850\ath\horn\ABEC_FreeStanding
-writing ABEC project
-writing geo file bem_mesh.geo
-average mesh throat angle: 10.000 deg
-using flat driving
-enclosure dimensions: 1206 x 1110 x 310 mm
-running 'E:\pythonGATH\.venv\Scripts\python.exe E:\pythonGATH\.venv\Scripts\gmsh bem_mesh.geo -'
-running 'E:\pythonGATH\.venv\Scripts\python.exe E:\pythonGATH\.venv\Scripts\gmsh mesh.geo -'
Done.

Coverage angle at 0 deg:     39.269 deg
Coverage angle at 90 deg:    33.608 deg

Device width x height = 1184.93 x 1088.65 mm (46.651 x 42.860")
Device length =         283.86 mm (11.176")
