Info    : Running 'E:\pythonGATH\.venv\Scripts\gmsh bem_mesh.geo -' [Gmsh 4.15.1, 1 node, max. 1 thread]
Info    : Started on Wed Apr 01 23:58:37 2026
Info    : Reading 'bem_mesh.geo'...
Warning : Could not orient normal of surface 27
Warning : ------------------------------
Warning : Mesh generation error summary
Warning :     1 warning
Warning :     0 errors
Warning : Check the full log for details
Warning : ------------------------------
Info    : Running 'E:\pythonGATH\.venv\Scripts\gmsh mesh.geo -' [Gmsh 4.15.1, 1 node, max. 1 thread]
Info    : Started on Wed Apr 01 23:58:38 2026
Info    : Reading 'mesh.geo'...

-destination directory: E:\pythonGATH\ath-2025-06\projects\Autima_1_8\runs\20260401_235837\ath\horn
-calculating profiles
-morphing to rectangle
-morph: adding -47.9065 mm in width
-morph: adding -65.8755 mm in height
-fixed length: 184.418 mm
-stretched to boundary: dx=47.3939 dy=61.7735
-stretched to boundary: dx=0 dy=0
Maximum radius: 306.517 mm (613.034 mm diameter)
-created directory E:\pythonGATH\ath-2025-06\projects\Autima_1_8\runs\20260401_235837\ath\horn\ABEC_FreeStanding
-writing ABEC project
-writing geo file bem_mesh.geo
-average mesh throat angle: 0.000 deg
-using flat driving
-enclosure dimensions: 470 x 456 x 170 mm
-running 'E:\pythonGATH\.venv\Scripts\python.exe E:\pythonGATH\.venv\Scripts\gmsh bem_mesh.geo -'
-running 'E:\pythonGATH\.venv\Scripts\python.exe E:\pythonGATH\.venv\Scripts\gmsh mesh.geo -'
Done.

Coverage angle at 0 deg:     28.242 deg
Coverage angle at 90 deg:    22.726 deg

Device width x height = 449.76 x 435.34 mm (17.707 x 17.139")
Device length =         184.42 mm (7.261")
