Info    : Running 'E:\pythonGATH\.venv\Scripts\gmsh bem_mesh.geo -' [Gmsh 4.15.1, 1 node, max. 1 thread]
Info    : Started on Wed Apr 01 04:56:18 2026
Info    : Reading 'bem_mesh.geo'...
Info    : Running 'E:\pythonGATH\.venv\Scripts\gmsh mesh.geo -' [Gmsh 4.15.1, 1 node, max. 1 thread]
Info    : Started on Wed Apr 01 04:56:19 2026
Info    : Reading 'mesh.geo'...

-destination directory: E:\pythonGATH\ath-2025-06\projects\Autima_1_8\runs\20260401_045618\ath\horn
-calculating profiles
-morphing to rectangle
-morph: adding -59.7495 mm in width
-morph: adding -80.8145 mm in height
-fixed length: 194.382 mm
-stretched to boundary: dx=69.249 dy=77.7919
-stretched to boundary: dx=0 dy=0
Maximum radius: 329.077 mm (658.155 mm diameter)
-created directory E:\pythonGATH\ath-2025-06\projects\Autima_1_8\runs\20260401_045618\ath\horn\ABEC_FreeStanding
-writing ABEC project
-writing geo file bem_mesh.geo
-average mesh throat angle: 0.000 deg
-using flat driving
-enclosure dimensions: 540 x 494 x 160 mm
-running 'E:\pythonGATH\.venv\Scripts\python.exe E:\pythonGATH\.venv\Scripts\gmsh bem_mesh.geo -'
-running 'E:\pythonGATH\.venv\Scripts\python.exe E:\pythonGATH\.venv\Scripts\gmsh mesh.geo -'
Done.

Coverage angle at 0 deg:     26.742 deg
Coverage angle at 90 deg:    21.383 deg

Device width x height = 519.50 x 473.54 mm (20.453 x 18.643")
Device length =         194.38 mm (7.653")
