Info    : Running 'E:\pythonGATH\.venv\Scripts\gmsh bem_mesh.geo -' [Gmsh 4.15.1, 1 node, max. 1 thread]
Info    : Started on Wed Apr 01 05:03:43 2026
Info    : Reading 'bem_mesh.geo'...
Info    : Running 'E:\pythonGATH\.venv\Scripts\gmsh mesh.geo -' [Gmsh 4.15.1, 1 node, max. 1 thread]
Info    : Started on Wed Apr 01 05:03:44 2026
Info    : Reading 'mesh.geo'...

-destination directory: E:\pythonGATH\ath-2025-06\projects\Autima_1_8\runs\20260401_050343\ath\horn
-calculating profiles
-morphing to rectangle
-morph: adding -64.013 mm in width
-morph: adding -88.0605 mm in height
-fixed length: 191.87 mm
-stretched to boundary: dx=73.4529 dy=84.2616
-stretched to boundary: dx=0 dy=0
Maximum radius: 342.910 mm (685.820 mm diameter)
-created directory E:\pythonGATH\ath-2025-06\projects\Autima_1_8\runs\20260401_050343\ath\horn\ABEC_FreeStanding
-writing ABEC project
-writing geo file bem_mesh.geo
-average mesh throat angle: 0.000 deg
-using flat driving
-enclosure dimensions: 546 x 506 x 160 mm
-running 'E:\pythonGATH\.venv\Scripts\python.exe E:\pythonGATH\.venv\Scripts\gmsh bem_mesh.geo -'
-running 'E:\pythonGATH\.venv\Scripts\python.exe E:\pythonGATH\.venv\Scripts\gmsh mesh.geo -'
Done.

Coverage angle at 0 deg:     27.109 deg
Coverage angle at 90 deg:    21.711 deg

Device width x height = 525.79 x 484.93 mm (20.700 x 19.092")
Device length =         191.87 mm (7.554")
