Info    : Running 'E:\pythonGATH\.venv\Scripts\gmsh bem_mesh.geo -' [Gmsh 4.15.1, 1 node, max. 1 thread]
Info    : Started on Wed Apr 01 23:02:33 2026
Info    : Reading 'bem_mesh.geo'...
Info    : Running 'E:\pythonGATH\.venv\Scripts\gmsh mesh.geo -' [Gmsh 4.15.1, 1 node, max. 1 thread]
Info    : Started on Wed Apr 01 23:02:34 2026
Info    : Reading 'mesh.geo'...

-destination directory: E:\pythonGATH\ath-2025-06\projects\Autima_1_8\runs\20260401_230233\ath\horn
-calculating profiles
-morphing to rectangle
-morph: adding -105.468 mm in width
-morph: adding -85.035 mm in height
-fixed length: 202.318 mm
-stretched to boundary: dx=104.503 dy=85.1719
-stretched to boundary: dx=0 dy=0
Maximum radius: 365.522 mm (731.045 mm diameter)
-created directory E:\pythonGATH\ath-2025-06\projects\Autima_1_8\runs\20260401_230233\ath\horn\ABEC_FreeStanding
-writing ABEC project
-writing geo file bem_mesh.geo
-average mesh throat angle: 0.000 deg
-using flat driving
-enclosure dimensions: 596 x 522 x 170 mm
-running 'E:\pythonGATH\.venv\Scripts\python.exe E:\pythonGATH\.venv\Scripts\gmsh bem_mesh.geo -'
-running 'E:\pythonGATH\.venv\Scripts\python.exe E:\pythonGATH\.venv\Scripts\gmsh mesh.geo -'
Done.

Coverage angle at 0 deg:     25.628 deg
Coverage angle at 90 deg:    20.392 deg

Device width x height = 575.08 x 500.62 mm (22.641 x 19.709")
Device length =         202.32 mm (7.965")
