Info    : Running 'E:\pythonGATH\.venv\Scripts\gmsh bem_mesh.geo -' [Gmsh 4.15.1, 1 node, max. 1 thread]
Info    : Started on Wed Apr 01 04:25:15 2026
Info    : Reading 'bem_mesh.geo'...
Info    : Running 'E:\pythonGATH\.venv\Scripts\gmsh mesh.geo -' [Gmsh 4.15.1, 1 node, max. 1 thread]
Info    : Started on Wed Apr 01 04:25:15 2026
Info    : Reading 'mesh.geo'...

-destination directory: E:\pythonGATH\ath-2025-06\projects\Autima_1_8\runs\20260401_042515\ath\horn
-calculating profiles
-morphing to rectangle
-morph: adding -56.0085 mm in width
-morph: adding -88.266 mm in height
-fixed length: 194.164 mm
-stretched to boundary: dx=70.082 dy=85.1761
-stretched to boundary: dx=0 dy=0
Maximum radius: 347.181 mm (694.361 mm diameter)
-created directory E:\pythonGATH\ath-2025-06\projects\Autima_1_8\runs\20260401_042515\ath\horn\ABEC_FreeStanding
-writing ABEC project
-writing geo file bem_mesh.geo
-average mesh throat angle: 0.000 deg
-using flat driving
-enclosure dimensions: 552 x 510 x 160 mm
-running 'E:\pythonGATH\.venv\Scripts\python.exe E:\pythonGATH\.venv\Scripts\gmsh bem_mesh.geo -'
-running 'E:\pythonGATH\.venv\Scripts\python.exe E:\pythonGATH\.venv\Scripts\gmsh mesh.geo -'
Done.

Coverage angle at 0 deg:     26.774 deg
Coverage angle at 90 deg:    21.411 deg

Device width x height = 530.31 x 488.17 mm (20.878 x 19.219")
Device length =         194.16 mm (7.644")
