Info    : Running 'E:\pythonGATH\.venv\Scripts\gmsh bem_mesh.geo -' [Gmsh 4.15.1, 1 node, max. 1 thread]
Info    : Started on Tue Mar 31 07:00:47 2026
Info    : Reading 'bem_mesh.geo'...
Info    : Running 'E:\pythonGATH\.venv\Scripts\gmsh mesh.geo -' [Gmsh 4.15.1, 1 node, max. 1 thread]
Info    : Started on Tue Mar 31 07:00:49 2026
Info    : Reading 'mesh.geo'...

-destination directory: E:\pythonGATH\ath-2025-06\projects\config\runs\20260331_070047\ath\horn
-calculating profiles
-morphing to rectangle
-morph: adding -242.512 mm in width
-morph: adding -231.264 mm in height
-fixed length: 239.601 mm
-stretched to boundary: dx=242.396 dy=231.074
-stretched to boundary: dx=0 dy=0
Maximum radius: 748.534 mm (1497.069 mm diameter)
-created directory E:\pythonGATH\ath-2025-06\projects\config\runs\20260331_070047\ath\horn\ABEC_FreeStanding
-writing ABEC project
-writing geo file bem_mesh.geo
-average mesh throat angle: 10.000 deg
-using flat driving
-enclosure dimensions: 1136 x 1050 x 310 mm
-running 'E:\pythonGATH\.venv\Scripts\python.exe E:\pythonGATH\.venv\Scripts\gmsh bem_mesh.geo -'
-running 'E:\pythonGATH\.venv\Scripts\python.exe E:\pythonGATH\.venv\Scripts\gmsh mesh.geo -'
Done.

Coverage angle at 0 deg:     44.231 deg
Coverage angle at 90 deg:    38.394 deg

Device width x height = 1114.56 x 1029.77 mm (43.880 x 40.542")
Device length =         239.60 mm (9.433")
