Info    : Running 'E:\pythonGATH\.venv\Scripts\gmsh bem_mesh.geo -' [Gmsh 4.15.1, 1 node, max. 1 thread]
Info    : Started on Wed Apr 01 05:03:34 2026
Info    : Reading 'bem_mesh.geo'...
Warning : Impossible to recover edge 1224 1224 (error tag -1)
Warning : Impossible to recover edge 1218 1218 (error tag -1)
Warning : Impossible to recover edge 1225 1225 (error tag -1)
Warning : Impossible to recover edge 1358 1358 (error tag -1)
Warning : Impossible to recover edge 1361 1361 (error tag -1)
Warning : Impossible to recover edge 1225 1225 (error tag -1)
Warning : Impossible to recover edge 1358 1358 (error tag -1)
Warning : Impossible to recover edge 1363 1363 (error tag -1)
Warning : Impossible to recover edge 1364 1364 (error tag -1)
Warning : Unable to recover the edge 10208 (29/60) on curve 81 (on surface 27)
Warning : No elements in surface 27
Warning : ------------------------------
Warning : Mesh generation error summary
Warning :    11 warnings
Warning :     0 errors
Warning : Check the full log for details
Warning : ------------------------------
Info    : Running 'E:\pythonGATH\.venv\Scripts\gmsh mesh.geo -' [Gmsh 4.15.1, 1 node, max. 1 thread]
Info    : Started on Wed Apr 01 05:03:35 2026
Info    : Reading 'mesh.geo'...

-destination directory: E:\pythonGATH\ath-2025-06\projects\Autima_1_8\runs\20260401_050334\ath\horn
-calculating profiles
-morphing to rectangle
-morph: adding -63.1455 mm in width
-morph: adding -80.713 mm in height
-fixed length: 184.252 mm
-stretched to boundary: dx=75.1597 dy=79.8165
-stretched to boundary: dx=0 dy=0
Maximum radius: 329.440 mm (658.880 mm diameter)
-created directory E:\pythonGATH\ath-2025-06\projects\Autima_1_8\runs\20260401_050334\ath\horn\ABEC_FreeStanding
-writing ABEC project
-writing geo file bem_mesh.geo
-average mesh throat angle: 0.000 deg
-using flat driving
-enclosure dimensions: 552 x 498 x 160 mm
-running 'E:\pythonGATH\.venv\Scripts\python.exe E:\pythonGATH\.venv\Scripts\gmsh bem_mesh.geo -'
-running 'E:\pythonGATH\.venv\Scripts\python.exe E:\pythonGATH\.venv\Scripts\gmsh mesh.geo -'
Done.

Coverage angle at 0 deg:     28.268 deg
Coverage angle at 90 deg:    22.749 deg

Device width x height = 530.35 x 477.84 mm (20.880 x 18.813")
Device length =         184.25 mm (7.254")
