Info    : Running 'E:\pythonGATH\.venv\Scripts\gmsh bem_mesh.geo -' [Gmsh 4.15.1, 1 node, max. 1 thread]
Info    : Started on Tue Mar 31 06:30:47 2026
Info    : Reading 'bem_mesh.geo'...
Warning : Impossible to recover edge 8933 8933 (error tag -1)
Warning : Impossible to recover edge 8935 8935 (error tag -1)
Warning : Impossible to recover edge 19766 19766 (error tag -1)
Warning : Impossible to recover edge 19762 19762 (error tag -1)
Warning : Impossible to recover edge 19769 19769 (error tag -1)
Warning : Impossible to recover edge 19767 19767 (error tag -1)
Warning : Impossible to recover edge 19766 19766 (error tag -1)
Warning : Impossible to recover edge 19769 19769 (error tag -1)
Warning : Impossible to recover edge 19767 19767 (error tag -1)
Warning : Impossible to recover edge 19766 19766 (error tag -1)
Warning : Impossible to recover edge 19769 19769 (error tag -1)
Warning : Impossible to recover edge 19767 19767 (error tag -1)
Warning : Impossible to recover edge 19774 19774 (error tag -1)
Warning : Impossible to recover edge 19766 19766 (error tag -1)
Warning : Impossible to recover edge 19777 19777 (error tag -1)
Warning : Impossible to recover edge 19772 19772 (error tag -1)
Warning : Impossible to recover edge 19769 19769 (error tag -1)
Warning : Impossible to recover edge 19767 19767 (error tag -1)
Warning : Impossible to recover edge 19771 19771 (error tag -1)
Warning : Unable to recover the edge 72397 (45/81) on curve 164 (on surface 51)
Warning : Impossible to recover edge 19777 19777 (error tag -1)
Warning : Unable to recover the edge 72398 (46/81) on curve 164 (on surface 47)
