Info    : Running 'E:\pythonGATH\.venv\Scripts\gmsh bem_mesh.geo -' [Gmsh 4.15.1, 1 node, max. 1 thread]
Info    : Started on Tue Mar 31 06:05:06 2026
Info    : Reading 'bem_mesh.geo'...
Info    : Running 'E:\pythonGATH\.venv\Scripts\gmsh mesh.geo -' [Gmsh 4.15.1, 1 node, max. 1 thread]
Info    : Started on Tue Mar 31 06:05:09 2026
Info    : Reading 'mesh.geo'...

-destination directory: E:\pythonGATH\ath-2025-06\projects\config\runs\20260331_060506\ath\horn
-calculating profiles
-morphing to rectangle
-morph: adding -227.767 mm in width
-morph: adding -218.137 mm in height
-fixed length: 230.674 mm
-stretched to boundary: dx=227.706 dy=217.735
-stretched to boundary: dx=0 dy=0
Maximum radius: 727.043 mm (1454.086 mm diameter)
-created directory E:\pythonGATH\ath-2025-06\projects\config\runs\20260331_060506\ath\horn\ABEC_FreeStanding
-writing ABEC project
-writing geo file bem_mesh.geo
-average mesh throat angle: 10.000 deg
-using flat driving
-enclosure dimensions: 1100 x 1020 x 310 mm
-running 'E:\pythonGATH\.venv\Scripts\python.exe E:\pythonGATH\.venv\Scripts\gmsh bem_mesh.geo -'
-running 'E:\pythonGATH\.venv\Scripts\python.exe E:\pythonGATH\.venv\Scripts\gmsh mesh.geo -'
Done.

Coverage angle at 0 deg:     45.294 deg
Coverage angle at 90 deg:    39.414 deg

Device width x height = 1079.29 x 998.67 mm (42.492 x 39.318")
Device length =         230.67 mm (9.082")
