Info    : Running 'E:\pythonGATH\.venv\Scripts\gmsh bem_mesh.geo -' [Gmsh 4.15.1, 1 node, max. 1 thread]
Info    : Started on Wed Apr 01 22:42:20 2026
Info    : Reading 'bem_mesh.geo'...
Warning : Could not orient normal of surface 27
Warning : ------------------------------
Warning : Mesh generation error summary
Warning :     1 warning
Warning :     0 errors
Warning : Check the full log for details
Warning : ------------------------------
Info    : Running 'E:\pythonGATH\.venv\Scripts\gmsh mesh.geo -' [Gmsh 4.15.1, 1 node, max. 1 thread]
Info    : Started on Wed Apr 01 22:42:21 2026
Info    : Reading 'mesh.geo'...

-destination directory: E:\pythonGATH\ath-2025-06\projects\Autima_1_8\runs\20260401_224220\ath\horn
-calculating profiles
-morphing to rectangle
-morph: adding -44.005 mm in width
-morph: adding -57.134 mm in height
-fixed length: 186.789 mm
-stretched to boundary: dx=43.2273 dy=53.7648
-stretched to boundary: dx=0 dy=0
Maximum radius: 297.241 mm (594.482 mm diameter)
-created directory E:\pythonGATH\ath-2025-06\projects\Autima_1_8\runs\20260401_224220\ath\horn\ABEC_FreeStanding
-writing ABEC project
-writing geo file bem_mesh.geo
-average mesh throat angle: 0.000 deg
-using flat driving
-enclosure dimensions: 464 x 442 x 170 mm
-running 'E:\pythonGATH\.venv\Scripts\python.exe E:\pythonGATH\.venv\Scripts\gmsh bem_mesh.geo -'
-running 'E:\pythonGATH\.venv\Scripts\python.exe E:\pythonGATH\.venv\Scripts\gmsh mesh.geo -'
Done.

Coverage angle at 0 deg:     27.874 deg
Coverage angle at 90 deg:    22.396 deg

Device width x height = 442.90 x 420.79 mm (17.437 x 16.567")
Device length =         186.79 mm (7.354")
