Info    : Running 'E:\pythonGATH\.venv\Scripts\gmsh bem_mesh.geo -' [Gmsh 4.15.1, 1 node, max. 1 thread]
Info    : Started on Tue Mar 31 01:25:41 2026
Info    : Reading 'bem_mesh.geo'...
Info    : Running 'E:\pythonGATH\.venv\Scripts\gmsh mesh.geo -' [Gmsh 4.15.1, 1 node, max. 1 thread]
Info    : Started on Tue Mar 31 01:25:43 2026
Info    : Reading 'mesh.geo'...

-destination directory: E:\pythonGATH\ath-2025-06\projects\config\runs\20260331_012541\ath\horn
-calculating profiles
-morphing to rectangle
-morph: adding -227.85 mm in width
-morph: adding -229.95 mm in height
-fixed length: 248.016 mm
-stretched to boundary: dx=232.188 dy=229.235
-stretched to boundary: dx=0 dy=0
Maximum radius: 736.551 mm (1473.101 mm diameter)
-created directory E:\pythonGATH\ath-2025-06\projects\config\runs\20260331_012541\ath\horn\ABEC_FreeStanding
-writing ABEC project
-writing geo file bem_mesh.geo
-average mesh throat angle: 10.000 deg
-using flat driving
-enclosure dimensions: 1130 x 1052 x 310 mm
-running 'E:\pythonGATH\.venv\Scripts\python.exe E:\pythonGATH\.venv\Scripts\gmsh bem_mesh.geo -'
-running 'E:\pythonGATH\.venv\Scripts\python.exe E:\pythonGATH\.venv\Scripts\gmsh mesh.geo -'
Done.

Coverage angle at 0 deg:     43.224 deg
Coverage angle at 90 deg:    37.414 deg

Device width x height = 1109.05 x 1031.04 mm (43.663 x 40.592")
Device length =         248.02 mm (9.764")
