2026-03-17 16:10:38 | INFO | Starting minimal optimization in mode=real
2026-03-17 16:10:38 | INFO | GA parameter setup source=E:\pythonGATH\config\geometry_params.yaml enabled=length,mouth_radius,flare disabled=throat_radius
2026-03-17 16:10:38 | INFO | case=ga_eval_0001_1773735038 candidate={"flare": 0.9775615685751505, "length": 0.3629821834139958, "mouth_radius": 0.05875376432793343, "throat_radius": 0.02}
2026-03-17 16:10:38 | INFO | ATH check command rc=0
2026-03-17 16:10:38 | INFO | ATH stdout: Ath V2025-06
Usage: ath <horn_definition_file>
2026-03-17 16:10:39 | INFO | Gmsh command rc=0
2026-03-17 16:10:39 | INFO | Gmsh stdout: Info    : Running 'C:\Users\UZAWAR\AppData\Local\Microsoft\WinGet\Packages\gmsh.gmsh_Microsoft.Winget.Source_8wekyb3d8bbwe\gmsh-4.13.1-Windows64\gmsh.EXE E:\pythonGATH\outputs\tmp\ga_eval_0001_1773735038.geo -3 -o E:\pythonGATH\outputs\mesh\ga_eval_0001_1773735038.msh' [Gmsh 4.13.1, 1 node, max. 1 thread]
Info    : Started on Tue Mar 17 16:10:38 2026
Info    : Reading 'E:\pythonGATH\outputs\tmp\ga_eval_0001_1773735038.geo'...
Info    : Done reading 'E:\pythonGATH\outputs\tmp\ga_eval_0001_1773735038.geo'
Info    : Meshing 1D...
Info    : [  0%] Meshing curve 1 (Line)
Info    : [ 10%] Meshing curve 2 (Line)
Info    : [ 20%] Meshing curve 3 (Line)
Info    : [ 30%] Meshing curve 4 (Line)
Info    : [ 40%] Meshing curve 6 (Line)
Info    : [ 50%] Meshing curve 7 (Line)
Info    : [ 60%] Meshing curve 8 (Line)
Info    : [ 60%] Meshing curve 9 (Line)
Info    : [ 70%] Meshing curve 11 (Line)
Info    : [ 80%] Meshing curve 12 (Line)
Info    : [ 90%] Meshing curve 16 (Line)
Info    : [100%] Meshing curve 20 (Line)
Info    : Done meshing 1D (Wall 0.000916958s, CPU 0s)
Info    : Meshing 2D...
Info    : [  0%] Meshing surface 1 (Plane, Frontal-Delaunay)
Info    : [ 20%] Meshing surface 13 (Surface, Frontal-Delaunay)
Info    : [ 40%] Meshing surface 17 (Surface, Frontal-Delaunay)
Info    : [ 60%] Meshing surface 21 (Surface, Frontal-Delaunay)
Info    : [ 70%] Meshing surface 25 (Surface, Frontal-Delaunay)
Info    : [ 90%] Meshing surface 26 (Plane, Frontal-Delaunay)
Info    : Done meshing 2D (Wall 0.00776815s, CPU 0s)
Info    : Meshing 3D...
Info    : 3D Meshing 1 volume with 1 connected component
Info    : Tetrahedrizing 393 nodes...
Info    : Done tetrahedrizing 401 nodes (Wall 0.00300694s, CPU 0s)
Info    : Reconstructing mesh...
Info    :  - Creating surface mesh
Info    :  - Identifying boundary edges
Info    :  - Recovering boundary
Info    : Done reconstructing mesh (Wall 0.00605512s, CPU 0s)
Info    : Found volume 1
Info    : It. 0 - 0 nodes created - worst tet radius 1.04875 (nodes removed 0 0)
Info    : 3D refinement terminated (401 nodes total):
Info    :  - 0 Delaunay cavities modified for star shapeness
Info    :  - 0 nodes could not be inserted
Info    :  - 1059 tetrahedra created in 0.000298977 sec. (3542079 tets/s)
Info    : 0 node relocations
Info    : Done meshing 3D (Wall 0.0117567s, CPU 0s)
Info    : Optimizing mesh...
Info    : Optimizing volume 1
Info    : Optimization starts (volume = 0.000285863) with worst = 0.00168458 / average = 0.692504:
Info    : 0.00 < quality < 0.10 :        17 elements
Info    : 0.10 < quality < 0.20 :        16 elements
Info    : 0.20 < quality < 0.30 :        20 elements
Info    : 0.30 < quality < 0.40 :         6 elements
Info    : 0.40 < quality < 0.50 :        23 elements
Info    : 0.50 < quality < 0.60 :       112 elements
Info    : 0.60 < quality < 0.70 :       373 elements
Info    : 0.70 < quality < 0.80 :       263 elements
Info    : 0.80 < quality < 0.90 :        81 elements
Info    : 0.90 < quality < 1.00 :       148 elements
Info    : 46 edge swaps, 4 node relocations (volume = 0.000285863): worst = 0.0370125 / average = 0.716351 (Wall 0.00101089s, CPU 0s)
Info    : 54 edge swaps, 4 node relocations (volume = 0.000285863): worst = 0.317855 / average = 0.721025 (Wall 0.00123978s, CPU 0s)
Info    : No ill-shaped tets in the mesh :-)
Info    : 0.00 < quality < 0.10 :         0 elements
Info    : 0.10 < quality < 0.20 :         0 elements
Info    : 0.20 < quality < 0.30 :         0 elements
Info    : 0.30 < quality < 0.40 :         6 elements
Info    : 0.40 < quality < 0.50 :        27 elements
Info    : 0.50 < quality < 0.60 :       103 elements
Info    : 0.60 < quality < 0.70 :       379 elements
Info    : 0.70 < quality < 0.80 :       262 elements
Info    : 0.80 < quality < 0.90 :        86 elements
Info    : 0.90 < quality < 1.00 :       152 elements
Info    : Done optimizing mesh (Wall 0.00243402s, CPU 0s)
Info    : 401 nodes 1949 elements
Info    : Writing 'E:\pythonGATH\outputs\mesh\ga_eval_0001_1773735038.msh'...
Info    : Done writing 'E:\pythonGATH\outputs\mesh\ga_eval_0001_1773735038.msh'
Info    : Stopped on Tue Mar 17 16:10:38 2026 (From start: Wall 0.0285051s, CPU 0s)
2026-03-17 16:10:39 | INFO | Mesh handoff metadata written to E:\pythonGATH\outputs\handoff\ga_eval_0001_1773735038_mesh_handoff.json
2026-03-17 16:10:39 | INFO | Mesh handoff: exists=True size=57923 wsl_readable=True wsl_path=/mnt/e/pythonGATH/outputs/mesh/ga_eval_0001_1773735038.msh
2026-03-17 16:11:18 | INFO | Real-mode WSL solver completed. first_run=39.489s repeated_avg=None
2026-03-17 16:11:18 | INFO | score case=ga_eval_0001_1773735038 J=39.4616 E_in=2.5308 E_out=126.5287 E_bw=0.0000 E_smooth=9.8000 E_eff=0.0000 E_mfg=0.0124
2026-03-17 16:11:18 | INFO | score case=ga_eval_0001_1773735038 skipped_components=E_bw
2026-03-17 16:11:18 | INFO | case=ga_eval_0001_1773735038 fitness=-39.461565 total_error=39.461565
2026-03-17 16:11:18 | INFO | case=ga_eval_0002_1773735078 candidate={"flare": 1.821068923588114, "length": 0.20482008049655265, "mouth_radius": 0.3077649249574044, "throat_radius": 0.02}
2026-03-17 16:11:18 | INFO | ATH check command rc=0
2026-03-17 16:11:18 | INFO | ATH stdout: Ath V2025-06
Usage: ath <horn_definition_file>
2026-03-17 16:11:19 | INFO | Gmsh command rc=0
2026-03-17 16:11:19 | INFO | Gmsh stdout: Info    : Running 'C:\Users\UZAWAR\AppData\Local\Microsoft\WinGet\Packages\gmsh.gmsh_Microsoft.Winget.Source_8wekyb3d8bbwe\gmsh-4.13.1-Windows64\gmsh.EXE E:\pythonGATH\outputs\tmp\ga_eval_0002_1773735078.geo -3 -o E:\pythonGATH\outputs\mesh\ga_eval_0002_1773735078.msh' [Gmsh 4.13.1, 1 node, max. 1 thread]
Info    : Started on Tue Mar 17 16:11:18 2026
Info    : Reading 'E:\pythonGATH\outputs\tmp\ga_eval_0002_1773735078.geo'...
Info    : Done reading 'E:\pythonGATH\outputs\tmp\ga_eval_0002_1773735078.geo'
Info    : Meshing 1D...
Info    : [  0%] Meshing curve 1 (Line)
Info    : [ 10%] Meshing curve 2 (Line)
Info    : [ 20%] Meshing curve 3 (Line)
Info    : [ 30%] Meshing curve 4 (Line)
Info    : [ 40%] Meshing curve 6 (Line)
Info    : [ 50%] Meshing curve 7 (Line)
Info    : [ 60%] Meshing curve 8 (Line)
Info    : [ 60%] Meshing curve 9 (Line)
Info    : [ 70%] Meshing curve 11 (Line)
Info    : [ 80%] Meshing curve 12 (Line)
Info    : [ 90%] Meshing curve 16 (Line)
Info    : [100%] Meshing curve 20 (Line)
Info    : Done meshing 1D (Wall 0.000932217s, CPU 0s)
Info    : Meshing 2D...
Info    : [  0%] Meshing surface 1 (Plane, Frontal-Delaunay)
Info    : [ 20%] Meshing surface 13 (Surface, Frontal-Delaunay)
Info    : [ 40%] Meshing surface 17 (Surface, Frontal-Delaunay)
Info    : [ 60%] Meshing surface 21 (Surface, Frontal-Delaunay)
Info    : [ 70%] Meshing surface 25 (Surface, Frontal-Delaunay)
Info    : [ 90%] Meshing surface 26 (Plane, Frontal-Delaunay)
Info    : Done meshing 2D (Wall 0.0438688s, CPU 0.03125s)
Info    : Meshing 3D...
Info    : 3D Meshing 1 volume with 1 connected component
Info    : Tetrahedrizing 2253 nodes...
Info    : Done tetrahedrizing 2261 nodes (Wall 0.016046s, CPU 0.015625s)
Info    : Reconstructing mesh...
Info    :  - Creating surface mesh
Info    :  - Identifying boundary edges
Info    :  - Recovering boundary
Info    : Done reconstructing mesh (Wall 0.0363183s, CPU 0.015625s)
Info    : Found volume 1
Info    : It. 0 - 0 nodes created - worst tet radius 1.65943 (nodes removed 0 0)
Info    : It. 500 - 500 nodes created - worst tet radius 1.09662 (nodes removed 0 0)
Info    : 3D refinement terminated (3103 nodes total):
Info    :  - 0 Delaunay cavities modified for star shapeness
Info    :  - 0 nodes could not be inserted
Info    :  - 11941 tetrahedra created in 0.0253787 sec. (470512 tets/s)
Info    : 0 node relocations
Info    : Done meshing 3D (Wall 0.108577s, CPU 0.015625s)
Info    : Optimizing mesh...
Info    : Optimizing volume 1
Info    : Optimization starts (volume = 0.000671328) with worst = 0.00706239 / average = 0.763124:
Info    : 0.00 < quality < 0.10 :        60 elements
Info    : 0.10 < quality < 0.20 :        64 elements
Info    : 0.20 < quality < 0.30 :        81 elements
Info    : 0.30 < quality < 0.40 :       150 elements
Info    : 0.40 < quality < 0.50 :       270 elements
Info    : 0.50 < quality < 0.60 :       626 elements
Info    : 0.60 < quality < 0.70 :      1565 elements
Info    : 0.70 < quality < 0.80 :      3567 elements
Info    : 0.80 < quality < 0.90 :      4138 elements
Info    : 0.90 < quality < 1.00 :      1420 elements
Info    : 203 edge swaps, 3 node relocations (volume = 0.000671328): worst = 0.219423 / average = 0.774279 (Wall 0.00306606s, CPU 0s)
Info    : 206 edge swaps, 3 node relocations (volume = 0.000671328): worst = 0.302847 / average = 0.77443 (Wall 0.00398803s, CPU 0s)
Info    : No ill-shaped tets in the mesh :-)
Info    : 0.00 < quality < 0.10 :         0 elements
Info    : 0.10 < quality < 0.20 :         0 elements
Info    : 0.20 < quality < 0.30 :         0 elements
Info    : 0.30 < quality < 0.40 :       143 elements
Info    : 0.40 < quality < 0.50 :       266 elements
Info    : 0.50 < quality < 0.60 :       623 elements
Info    : 0.60 < quality < 0.70 :      1576 elements
Info    : 0.70 < quality < 0.80 :      3532 elements
Info    : 0.80 < quality < 0.90 :      4189 elements
Info    : 0.90 < quality < 1.00 :      1421 elements
Info    : Done optimizing mesh (Wall 0.0113323s, CPU 0s)
Info    : 3103 nodes 16534 elements
Info    : Writing 'E:\pythonGATH\outputs\mesh\ga_eval_0002_1773735078.msh'...
Info    : Done writing 'E:\pythonGATH\outputs\mesh\ga_eval_0002_1773735078.msh'
Info    : Stopped on Tue Mar 17 16:11:19 2026 (From start: Wall 0.184251s, CPU 0.046875s)
2026-03-17 16:11:19 | INFO | Mesh handoff metadata written to E:\pythonGATH\outputs\handoff\ga_eval_0002_1773735078_mesh_handoff.json
2026-03-17 16:11:19 | INFO | Mesh handoff: exists=True size=575110 wsl_readable=True wsl_path=/mnt/e/pythonGATH/outputs/mesh/ga_eval_0002_1773735078.msh
2026-03-17 16:12:04 | INFO | Real-mode WSL solver completed. first_run=44.514s repeated_avg=None
2026-03-17 16:12:04 | INFO | score case=ga_eval_0002_1773735078 J=36.5311 E_in=4.2362 E_out=113.4723 E_bw=0.0000 E_smooth=9.8000 E_eff=0.0000 E_mfg=6.0996
2026-03-17 16:12:04 | INFO | score case=ga_eval_0002_1773735078 skipped_components=E_bw
2026-03-17 16:12:04 | INFO | case=ga_eval_0002_1773735078 fitness=-36.531133 total_error=36.531133
2026-03-17 16:12:04 | INFO | Minimal optimization finished. Result stored at E:\pythonGATH\outputs\minimal_optimization_result.json
