2026-03-17 16:16:54 | INFO | Starting minimal optimization in mode=mock
2026-03-17 16:16:54 | INFO | GA parameter setup source=E:\pythonGATH\outputs\runs\20260317_161654_full_optimization\config\geometry_params.yaml enabled=length,mouth_radius,flare disabled=throat_radius
2026-03-17 16:16:54 | INFO | case=ga_eval_0001_1773735414 candidate={"flare": 0.9775615685751505, "length": 0.3629821834139958, "mouth_radius": 0.05875376432793343, "throat_radius": 0.02}
2026-03-17 16:16:54 | INFO | Mock mesh generated at E:\pythonGATH\outputs\mesh\ga_eval_0001_1773735414.msh
2026-03-17 16:16:54 | INFO | Mock solver output generated at E:\pythonGATH\outputs\solver\ga_eval_0001_1773735414_observations.csv
2026-03-17 16:16:54 | INFO | score case=ga_eval_0001_1773735414 J=47.5565 E_in=41.2763 E_out=55.1249 E_bw=85.6382 E_smooth=33.2423 E_eff=0.0000 E_mfg=0.0124
2026-03-17 16:16:54 | INFO | case=ga_eval_0001_1773735414 fitness=-47.556457 total_error=47.556457
2026-03-17 16:16:54 | INFO | case=ga_eval_0002_1773735414 candidate={"flare": 1.821068923588114, "length": 0.20482008049655265, "mouth_radius": 0.3077649249574044, "throat_radius": 0.02}
2026-03-17 16:16:54 | INFO | Mock mesh generated at E:\pythonGATH\outputs\mesh\ga_eval_0002_1773735414.msh
2026-03-17 16:16:54 | INFO | Mock solver output generated at E:\pythonGATH\outputs\solver\ga_eval_0002_1773735414_observations.csv
2026-03-17 16:16:54 | INFO | score case=ga_eval_0002_1773735414 J=14.0328 E_in=12.1796 E_out=23.0484 E_bw=7.5685 E_smooth=15.9209 E_eff=0.2025 E_mfg=6.0996
2026-03-17 16:16:54 | INFO | case=ga_eval_0002_1773735414 fitness=-14.032785 total_error=14.032785
2026-03-17 16:16:54 | INFO | case=ga_eval_0003_1773735414 candidate={"flare": 1.286035821339068, "length": 0.45902823572784124, "mouth_radius": 0.08042859142029565, "throat_radius": 0.02}
2026-03-17 16:16:54 | INFO | Mock mesh generated at E:\pythonGATH\outputs\mesh\ga_eval_0003_1773735414.msh
2026-03-17 16:16:54 | INFO | Mock solver output generated at E:\pythonGATH\outputs\solver\ga_eval_0003_1773735414_observations.csv
2026-03-17 16:16:54 | INFO | score case=ga_eval_0003_1773735414 J=46.1510 E_in=59.2752 E_out=60.1590 E_bw=16.5503 E_smooth=38.2104 E_eff=0.0000 E_mfg=0.0019
2026-03-17 16:16:54 | INFO | case=ga_eval_0003_1773735414 fitness=-46.150954 total_error=46.150954
2026-03-17 16:16:54 | INFO | case=ga_eval_0004_1773735414 candidate={"flare": 1.4612461050170609, "length": 0.13132294338646672, "mouth_radius": 0.12652329118126118, "throat_radius": 0.02}
2026-03-17 16:16:54 | INFO | Mock mesh generated at E:\pythonGATH\outputs\mesh\ga_eval_0004_1773735414.msh
2026-03-17 16:16:54 | INFO | Mock solver output generated at E:\pythonGATH\outputs\solver\ga_eval_0004_1773735414_observations.csv
2026-03-17 16:16:54 | INFO | score case=ga_eval_0004_1773735414 J=8.1511 E_in=4.0795 E_out=18.4976 E_bw=2.4906 E_smooth=11.9066 E_eff=0.0052 E_mfg=0.0171
2026-03-17 16:16:54 | INFO | case=ga_eval_0004_1773735414 fitness=-8.151101 total_error=8.151101
2026-03-17 16:16:54 | INFO | case=ga_eval_0005_1773735414 candidate={"flare": 1.764757319336999, "length": 0.1300836684798682, "mouth_radius": 0.11959317774032698, "throat_radius": 0.02}
2026-03-17 16:16:54 | INFO | Mock mesh generated at E:\pythonGATH\outputs\mesh\ga_eval_0005_1773735414.msh
2026-03-17 16:16:54 | INFO | Mock solver output generated at E:\pythonGATH\outputs\solver\ga_eval_0005_1773735414_observations.csv
2026-03-17 16:16:54 | INFO | score case=ga_eval_0005_1773735414 J=7.5398 E_in=3.9266 E_out=15.8409 E_bw=4.5518 E_smooth=10.5910 E_eff=0.0125 E_mfg=0.0797
2026-03-17 16:16:54 | INFO | case=ga_eval_0005_1773735414 fitness=-7.539845 total_error=7.539845
2026-03-17 16:16:54 | INFO | case=ga_eval_0006_1773735414 candidate={"flare": 1.764757319336999, "length": 0.1300836684798682, "mouth_radius": 0.11959317774032698, "throat_radius": 0.02}
2026-03-17 16:16:54 | INFO | Mock mesh generated at E:\pythonGATH\outputs\mesh\ga_eval_0006_1773735414.msh
2026-03-17 16:16:54 | INFO | Mock solver output generated at E:\pythonGATH\outputs\solver\ga_eval_0006_1773735414_observations.csv
2026-03-17 16:16:54 | INFO | score case=ga_eval_0006_1773735414 J=7.5398 E_in=3.9266 E_out=15.8409 E_bw=4.5518 E_smooth=10.5910 E_eff=0.0125 E_mfg=0.0797
2026-03-17 16:16:54 | INFO | case=ga_eval_0006_1773735414 fitness=-7.539845 total_error=7.539845
2026-03-17 16:16:54 | INFO | case=ga_eval_0007_1773735414 candidate={"flare": 1.4612461050170609, "length": 0.13132294338646672, "mouth_radius": 0.12652329118126118, "throat_radius": 0.02}
2026-03-17 16:16:54 | INFO | Mock mesh generated at E:\pythonGATH\outputs\mesh\ga_eval_0007_1773735414.msh
2026-03-17 16:16:54 | INFO | Mock solver output generated at E:\pythonGATH\outputs\solver\ga_eval_0007_1773735414_observations.csv
2026-03-17 16:16:54 | INFO | score case=ga_eval_0007_1773735414 J=8.1511 E_in=4.0795 E_out=18.4976 E_bw=2.4906 E_smooth=11.9066 E_eff=0.0052 E_mfg=0.0171
2026-03-17 16:16:54 | INFO | case=ga_eval_0007_1773735414 fitness=-8.151101 total_error=8.151101
2026-03-17 16:16:54 | INFO | case=ga_eval_0008_1773735414 candidate={"flare": 1.644907693494738, "length": 0.13231469394893464, "mouth_radius": 0.11003341858787594, "throat_radius": 0.02}
2026-03-17 16:16:54 | INFO | Mock mesh generated at E:\pythonGATH\outputs\mesh\ga_eval_0008_1773735414.msh
2026-03-17 16:16:54 | INFO | Mock solver output generated at E:\pythonGATH\outputs\solver\ga_eval_0008_1773735414_observations.csv
2026-03-17 16:16:54 | INFO | score case=ga_eval_0008_1773735414 J=7.4047 E_in=4.1208 E_out=17.0268 E_bw=0.5612 E_smooth=11.2325 E_eff=0.0001 E_mfg=0.0495
2026-03-17 16:16:54 | INFO | case=ga_eval_0008_1773735414 fitness=-7.404670 total_error=7.404670
2026-03-17 16:16:54 | INFO | case=ga_eval_0009_1773735414 candidate={"flare": 1.8741602743647126, "length": 0.14154643288840107, "mouth_radius": 0.10737560379626485, "throat_radius": 0.02}
2026-03-17 16:16:54 | INFO | Mock mesh generated at E:\pythonGATH\outputs\mesh\ga_eval_0009_1773735414.msh
2026-03-17 16:16:54 | INFO | Mock solver output generated at E:\pythonGATH\outputs\solver\ga_eval_0009_1773735414_observations.csv
2026-03-17 16:16:54 | INFO | score case=ga_eval_0009_1773735414 J=8.9908 E_in=4.8513 E_out=16.1479 E_bw=10.9917 E_smooth=11.0008 E_eff=0.0289 E_mfg=0.1136
2026-03-17 16:16:54 | INFO | case=ga_eval_0009_1773735414 fitness=-8.990812 total_error=8.990812
2026-03-17 16:16:54 | INFO | case=ga_eval_0010_1773735414 candidate={"flare": 1.5190342609494276, "length": 0.12, "mouth_radius": 0.10961006138777632, "throat_radius": 0.02}
2026-03-17 16:16:54 | INFO | Mock mesh generated at E:\pythonGATH\outputs\mesh\ga_eval_0010_1773735414.msh
2026-03-17 16:16:54 | INFO | Mock solver output generated at E:\pythonGATH\outputs\solver\ga_eval_0010_1773735414_observations.csv
2026-03-17 16:16:54 | INFO | score case=ga_eval_0010_1773735414 J=6.9469 E_in=3.2133 E_out=16.7352 E_bw=0.6674 E_smooth=10.7935 E_eff=0.0000 E_mfg=0.0254
2026-03-17 16:16:54 | INFO | case=ga_eval_0010_1773735414 fitness=-6.946949 total_error=6.946949
2026-03-17 16:16:54 | INFO | case=ga_eval_0011_1773735414 candidate={"flare": 1.5190342609494276, "length": 0.12, "mouth_radius": 0.10961006138777632, "throat_radius": 0.02}
2026-03-17 16:16:54 | INFO | Mock mesh generated at E:\pythonGATH\outputs\mesh\ga_eval_0011_1773735414.msh
2026-03-17 16:16:54 | INFO | Mock solver output generated at E:\pythonGATH\outputs\solver\ga_eval_0011_1773735414_observations.csv
2026-03-17 16:16:54 | INFO | score case=ga_eval_0011_1773735414 J=6.9469 E_in=3.2133 E_out=16.7352 E_bw=0.6674 E_smooth=10.7935 E_eff=0.0000 E_mfg=0.0254
2026-03-17 16:16:54 | INFO | case=ga_eval_0011_1773735414 fitness=-6.946949 total_error=6.946949
2026-03-17 16:16:54 | INFO | case=ga_eval_0012_1773735414 candidate={"flare": 1.644907693494738, "length": 0.13231469394893464, "mouth_radius": 0.11003341858787594, "throat_radius": 0.02}
2026-03-17 16:16:54 | INFO | Mock mesh generated at E:\pythonGATH\outputs\mesh\ga_eval_0012_1773735414.msh
2026-03-17 16:16:54 | INFO | Mock solver output generated at E:\pythonGATH\outputs\solver\ga_eval_0012_1773735414_observations.csv
2026-03-17 16:16:54 | INFO | score case=ga_eval_0012_1773735414 J=7.4047 E_in=4.1208 E_out=17.0268 E_bw=0.5612 E_smooth=11.2325 E_eff=0.0001 E_mfg=0.0495
2026-03-17 16:16:54 | INFO | case=ga_eval_0012_1773735414 fitness=-7.404670 total_error=7.404670
2026-03-17 16:16:54 | INFO | case=ga_eval_0013_1773735414 candidate={"flare": 1.5778149580634546, "length": 0.12, "mouth_radius": 0.12748564752996475, "throat_radius": 0.02}
2026-03-17 16:16:54 | INFO | Mock mesh generated at E:\pythonGATH\outputs\mesh\ga_eval_0013_1773735414.msh
2026-03-17 16:16:54 | INFO | Mock solver output generated at E:\pythonGATH\outputs\solver\ga_eval_0013_1773735414_observations.csv
2026-03-17 16:16:54 | INFO | score case=ga_eval_0013_1773735414 J=6.6924 E_in=3.2111 E_out=16.2556 E_bw=0.0050 E_smooth=10.5634 E_eff=0.0110 E_mfg=0.0357
2026-03-17 16:16:54 | INFO | case=ga_eval_0013_1773735414 fitness=-6.692370 total_error=6.692370
2026-03-17 16:16:54 | INFO | case=ga_eval_0014_1773735414 candidate={"flare": 1.477014845021867, "length": 0.12, "mouth_radius": 0.12401455780122582, "throat_radius": 0.02}
2026-03-17 16:16:54 | INFO | Mock mesh generated at E:\pythonGATH\outputs\mesh\ga_eval_0014_1773735414.msh
2026-03-17 16:16:54 | INFO | Mock solver output generated at E:\pythonGATH\outputs\solver\ga_eval_0014_1773735414_observations.csv
2026-03-17 16:16:54 | INFO | score case=ga_eval_0014_1773735414 J=7.2420 E_in=3.2157 E_out=17.0867 E_bw=1.8705 E_smooth=10.9597 E_eff=0.0031 E_mfg=0.0192
2026-03-17 16:16:54 | INFO | case=ga_eval_0014_1773735414 fitness=-7.241951 total_error=7.241951
2026-03-17 16:16:54 | INFO | case=ga_eval_0015_1773735414 candidate={"flare": 1.8987987510829865, "length": 0.19100692836340866, "mouth_radius": 0.10163523833208832, "throat_radius": 0.02}
2026-03-17 16:16:54 | INFO | Mock mesh generated at E:\pythonGATH\outputs\mesh\ga_eval_0015_1773735414.msh
2026-03-17 16:16:54 | INFO | Mock solver output generated at E:\pythonGATH\outputs\solver\ga_eval_0015_1773735414_observations.csv
2026-03-17 16:16:54 | INFO | score case=ga_eval_0015_1773735414 J=13.0158 E_in=10.2594 E_out=20.8832 E_bw=12.7558 E_smooth=14.5275 E_eff=0.0246 E_mfg=0.1221
2026-03-17 16:16:54 | INFO | case=ga_eval_0015_1773735414 fitness=-13.015802 total_error=13.015802
2026-03-17 16:16:54 | INFO | case=ga_eval_0016_1773735414 candidate={"flare": 1.5778149580634546, "length": 0.12, "mouth_radius": 0.12748564752996475, "throat_radius": 0.02}
2026-03-17 16:16:54 | INFO | Mock mesh generated at E:\pythonGATH\outputs\mesh\ga_eval_0016_1773735414.msh
2026-03-17 16:16:54 | INFO | Mock solver output generated at E:\pythonGATH\outputs\solver\ga_eval_0016_1773735414_observations.csv
2026-03-17 16:16:54 | INFO | score case=ga_eval_0016_1773735414 J=6.6924 E_in=3.2111 E_out=16.2556 E_bw=0.0050 E_smooth=10.5634 E_eff=0.0110 E_mfg=0.0357
2026-03-17 16:16:54 | INFO | case=ga_eval_0016_1773735414 fitness=-6.692370 total_error=6.692370
2026-03-17 16:16:54 | INFO | case=ga_eval_0017_1773735414 candidate={"flare": 1.5190342609494276, "length": 0.12, "mouth_radius": 0.10961006138777632, "throat_radius": 0.02}
2026-03-17 16:16:54 | INFO | Mock mesh generated at E:\pythonGATH\outputs\mesh\ga_eval_0017_1773735414.msh
2026-03-17 16:16:54 | INFO | Mock solver output generated at E:\pythonGATH\outputs\solver\ga_eval_0017_1773735414_observations.csv
2026-03-17 16:16:54 | INFO | score case=ga_eval_0017_1773735414 J=6.9469 E_in=3.2133 E_out=16.7352 E_bw=0.6674 E_smooth=10.7935 E_eff=0.0000 E_mfg=0.0254
2026-03-17 16:16:54 | INFO | case=ga_eval_0017_1773735414 fitness=-6.946949 total_error=6.946949
2026-03-17 16:16:54 | INFO | case=ga_eval_0018_1773735414 candidate={"flare": 1.5649495493754173, "length": 0.14593062950795502, "mouth_radius": 0.11449356175864928, "throat_radius": 0.02}
2026-03-17 16:16:54 | INFO | Mock mesh generated at E:\pythonGATH\outputs\mesh\ga_eval_0018_1773735414.msh
2026-03-17 16:16:54 | INFO | Mock solver output generated at E:\pythonGATH\outputs\solver\ga_eval_0018_1773735414_observations.csv
2026-03-17 16:16:54 | INFO | score case=ga_eval_0018_1773735414 J=8.5416 E_in=5.3578 E_out=19.1948 E_bw=0.0536 E_smooth=12.6066 E_eff=0.0001 E_mfg=0.0333
2026-03-17 16:16:54 | INFO | case=ga_eval_0018_1773735414 fitness=-8.541615 total_error=8.541615
2026-03-17 16:16:54 | INFO | case=ga_eval_0019_1773735414 candidate={"flare": 1.611511427665871, "length": 0.1407983541205977, "mouth_radius": 0.08837406893133572, "throat_radius": 0.02}
2026-03-17 16:16:54 | INFO | Mock mesh generated at E:\pythonGATH\outputs\mesh\ga_eval_0019_1773735414.msh
2026-03-17 16:16:54 | INFO | Mock solver output generated at E:\pythonGATH\outputs\solver\ga_eval_0019_1773735414_observations.csv
2026-03-17 16:16:54 | INFO | score case=ga_eval_0019_1773735414 J=8.0305 E_in=4.8593 E_out=18.2200 E_bw=0.1193 E_smooth=12.0151 E_eff=0.0000 E_mfg=0.0423
2026-03-17 16:16:54 | INFO | case=ga_eval_0019_1773735414 fitness=-8.030484 total_error=8.030484
2026-03-17 16:16:54 | INFO | case=ga_eval_0020_1773735414 candidate={"flare": 1.645518194174783, "length": 0.12, "mouth_radius": 0.20097077298010707, "throat_radius": 0.02}
2026-03-17 16:16:54 | INFO | Mock mesh generated at E:\pythonGATH\outputs\mesh\ga_eval_0020_1773735414.msh
2026-03-17 16:16:54 | INFO | Mock solver output generated at E:\pythonGATH\outputs\solver\ga_eval_0020_1773735414_observations.csv
2026-03-17 16:16:54 | INFO | score case=ga_eval_0020_1773735414 J=6.6799 E_in=3.2102 E_out=15.7206 E_bw=0.5722 E_smooth=10.3016 E_eff=0.1928 E_mfg=1.3818
2026-03-17 16:16:54 | INFO | case=ga_eval_0020_1773735414 fitness=-6.679887 total_error=6.679887
2026-03-17 16:16:54 | INFO | case=ga_eval_0021_1773735414 candidate={"flare": 1.645518194174783, "length": 0.12, "mouth_radius": 0.20097077298010707, "throat_radius": 0.02}
2026-03-17 16:16:54 | INFO | Mock mesh generated at E:\pythonGATH\outputs\mesh\ga_eval_0021_1773735414.msh
2026-03-17 16:16:54 | INFO | Mock solver output generated at E:\pythonGATH\outputs\solver\ga_eval_0021_1773735414_observations.csv
2026-03-17 16:16:54 | INFO | score case=ga_eval_0021_1773735414 J=6.6799 E_in=3.2102 E_out=15.7206 E_bw=0.5722 E_smooth=10.3016 E_eff=0.1928 E_mfg=1.3818
2026-03-17 16:16:54 | INFO | case=ga_eval_0021_1773735414 fitness=-6.679887 total_error=6.679887
2026-03-17 16:16:54 | INFO | case=ga_eval_0022_1773735414 candidate={"flare": 1.5778149580634546, "length": 0.12, "mouth_radius": 0.12748564752996475, "throat_radius": 0.02}
2026-03-17 16:16:54 | INFO | Mock mesh generated at E:\pythonGATH\outputs\mesh\ga_eval_0022_1773735414.msh
2026-03-17 16:16:54 | INFO | Mock solver output generated at E:\pythonGATH\outputs\solver\ga_eval_0022_1773735414_observations.csv
2026-03-17 16:16:54 | INFO | score case=ga_eval_0022_1773735414 J=6.6924 E_in=3.2111 E_out=16.2556 E_bw=0.0050 E_smooth=10.5634 E_eff=0.0110 E_mfg=0.0357
2026-03-17 16:16:54 | INFO | case=ga_eval_0022_1773735414 fitness=-6.692370 total_error=6.692370
2026-03-17 16:16:54 | INFO | case=ga_eval_0023_1773735414 candidate={"flare": 1.5512342536755785, "length": 0.14708323201036835, "mouth_radius": 0.1782830245517057, "throat_radius": 0.02}
2026-03-17 16:16:54 | INFO | Mock mesh generated at E:\pythonGATH\outputs\mesh\ga_eval_0023_1773735414.msh
2026-03-17 16:16:54 | INFO | Mock solver output generated at E:\pythonGATH\outputs\solver\ga_eval_0023_1773735414_observations.csv
2026-03-17 16:16:54 | INFO | score case=ga_eval_0023_1773735414 J=8.6965 E_in=5.4759 E_out=19.4475 E_bw=0.1638 E_smooth=12.7548 E_eff=0.1619 E_mfg=0.0308
2026-03-17 16:16:54 | INFO | case=ga_eval_0023_1773735414 fitness=-8.696539 total_error=8.696539
2026-03-17 16:16:54 | INFO | case=ga_eval_0024_1773735414 candidate={"flare": 1.4490075327490528, "length": 0.12, "mouth_radius": 0.08583265335836365, "throat_radius": 0.02}
2026-03-17 16:16:54 | INFO | Mock mesh generated at E:\pythonGATH\outputs\mesh\ga_eval_0024_1773735414.msh
2026-03-17 16:16:54 | INFO | Mock solver output generated at E:\pythonGATH\outputs\solver\ga_eval_0024_1773735414_observations.csv
2026-03-17 16:16:54 | INFO | score case=ga_eval_0024_1773735414 J=7.4946 E_in=3.2176 E_out=17.3249 E_bw=3.0380 E_smooth=11.0712 E_eff=0.0000 E_mfg=0.0155
2026-03-17 16:16:54 | INFO | case=ga_eval_0024_1773735414 fitness=-7.494560 total_error=7.494560
2026-03-17 16:16:54 | INFO | case=ga_eval_0025_1773735414 candidate={"flare": 1.31398337299831, "length": 0.12, "mouth_radius": 0.11969512494040478, "throat_radius": 0.02}
2026-03-17 16:16:54 | INFO | Mock mesh generated at E:\pythonGATH\outputs\mesh\ga_eval_0025_1773735414.msh
2026-03-17 16:16:54 | INFO | Mock solver output generated at E:\pythonGATH\outputs\solver\ga_eval_0025_1773735414_observations.csv
2026-03-17 16:16:54 | INFO | score case=ga_eval_0025_1773735414 J=9.4288 E_in=3.2313 E_out=18.5180 E_bw=13.3327 E_smooth=11.6172 E_eff=0.0000 E_mfg=0.0032
2026-03-17 16:16:54 | INFO | case=ga_eval_0025_1773735414 fitness=-9.428839 total_error=9.428839
2026-03-17 16:16:54 | INFO | case=ga_eval_0026_1773735414 candidate={"flare": 1.645518194174783, "length": 0.12, "mouth_radius": 0.20097077298010707, "throat_radius": 0.02}
2026-03-17 16:16:54 | INFO | Mock mesh generated at E:\pythonGATH\outputs\mesh\ga_eval_0026_1773735414.msh
2026-03-17 16:16:54 | INFO | Mock solver output generated at E:\pythonGATH\outputs\solver\ga_eval_0026_1773735414_observations.csv
2026-03-17 16:16:54 | INFO | score case=ga_eval_0026_1773735414 J=6.6799 E_in=3.2102 E_out=15.7206 E_bw=0.5722 E_smooth=10.3016 E_eff=0.1928 E_mfg=1.3818
2026-03-17 16:16:54 | INFO | case=ga_eval_0026_1773735414 fitness=-6.679887 total_error=6.679887
2026-03-17 16:16:54 | INFO | case=ga_eval_0027_1773735414 candidate={"flare": 1.5778149580634546, "length": 0.12, "mouth_radius": 0.12748564752996475, "throat_radius": 0.02}
2026-03-17 16:16:54 | INFO | Mock mesh generated at E:\pythonGATH\outputs\mesh\ga_eval_0027_1773735414.msh
2026-03-17 16:16:54 | INFO | Mock solver output generated at E:\pythonGATH\outputs\solver\ga_eval_0027_1773735414_observations.csv
2026-03-17 16:16:54 | INFO | score case=ga_eval_0027_1773735414 J=6.6924 E_in=3.2111 E_out=16.2556 E_bw=0.0050 E_smooth=10.5634 E_eff=0.0110 E_mfg=0.0357
2026-03-17 16:16:54 | INFO | case=ga_eval_0027_1773735414 fitness=-6.692370 total_error=6.692370
2026-03-17 16:16:54 | INFO | case=ga_eval_0028_1773735414 candidate={"flare": 1.6619446205192807, "length": 0.12, "mouth_radius": 0.19077173165600075, "throat_radius": 0.02}
2026-03-17 16:16:54 | INFO | Mock mesh generated at E:\pythonGATH\outputs\mesh\ga_eval_0028_1773735414.msh
2026-03-17 16:16:54 | INFO | Mock solver output generated at E:\pythonGATH\outputs\solver\ga_eval_0028_1773735414_observations.csv
2026-03-17 16:16:54 | INFO | score case=ga_eval_0028_1773735414 J=6.6519 E_in=3.2102 E_out=15.5936 E_bw=0.9063 E_smooth=10.2386 E_eff=0.1844 E_mfg=0.6526
2026-03-17 16:16:54 | INFO | case=ga_eval_0028_1773735414 fitness=-6.651884 total_error=6.651884
2026-03-17 16:16:54 | INFO | case=ga_eval_0029_1773735414 candidate={"flare": 1.617463140742076, "length": 0.12, "mouth_radius": 0.2515253975161439, "throat_radius": 0.02}
2026-03-17 16:16:54 | INFO | Mock mesh generated at E:\pythonGATH\outputs\mesh\ga_eval_0029_1773735414.msh
2026-03-17 16:16:54 | INFO | Mock solver output generated at E:\pythonGATH\outputs\solver\ga_eval_0029_1773735414_observations.csv
2026-03-17 16:16:54 | INFO | score case=ga_eval_0029_1773735414 J=7.0867 E_in=3.2103 E_out=15.9400 E_bw=0.1746 E_smooth=10.4097 E_eff=0.2023 E_mfg=9.2758
2026-03-17 16:16:54 | INFO | case=ga_eval_0029_1773735414 fitness=-7.086737 total_error=7.086737
2026-03-17 16:16:54 | INFO | case=ga_eval_0030_1773735414 candidate={"flare": 1.8507715951996613, "length": 0.12, "mouth_radius": 0.14978109676034773, "throat_radius": 0.02}
2026-03-17 16:16:54 | INFO | Mock mesh generated at E:\pythonGATH\outputs\mesh\ga_eval_0030_1773735414.msh
2026-03-17 16:16:54 | INFO | Mock solver output generated at E:\pythonGATH\outputs\solver\ga_eval_0030_1773735414_observations.csv
2026-03-17 16:16:54 | INFO | score case=ga_eval_0030_1773735414 J=7.4507 E_in=3.2180 E_out=14.2122 E_bw=9.4180 E_smooth=9.5297 E_eff=0.1064 E_mfg=0.1059
2026-03-17 16:16:54 | INFO | case=ga_eval_0030_1773735414 fitness=-7.450660 total_error=7.450660
2026-03-17 16:16:54 | INFO | case=ga_eval_0031_1773735414 candidate={"flare": 1.6619446205192807, "length": 0.12, "mouth_radius": 0.19077173165600075, "throat_radius": 0.02}
2026-03-17 16:16:54 | INFO | Mock mesh generated at E:\pythonGATH\outputs\mesh\ga_eval_0031_1773735414.msh
2026-03-17 16:16:54 | INFO | Mock solver output generated at E:\pythonGATH\outputs\solver\ga_eval_0031_1773735414_observations.csv
2026-03-17 16:16:54 | INFO | score case=ga_eval_0031_1773735414 J=6.6519 E_in=3.2102 E_out=15.5936 E_bw=0.9063 E_smooth=10.2386 E_eff=0.1844 E_mfg=0.6526
2026-03-17 16:16:54 | INFO | case=ga_eval_0031_1773735414 fitness=-6.651884 total_error=6.651884
2026-03-17 16:16:54 | INFO | case=ga_eval_0032_1773735414 candidate={"flare": 1.645518194174783, "length": 0.12, "mouth_radius": 0.20097077298010707, "throat_radius": 0.02}
2026-03-17 16:16:54 | INFO | Mock mesh generated at E:\pythonGATH\outputs\mesh\ga_eval_0032_1773735414.msh
2026-03-17 16:16:54 | INFO | Mock solver output generated at E:\pythonGATH\outputs\solver\ga_eval_0032_1773735414_observations.csv
2026-03-17 16:16:54 | INFO | score case=ga_eval_0032_1773735414 J=6.6799 E_in=3.2102 E_out=15.7206 E_bw=0.5722 E_smooth=10.3016 E_eff=0.1928 E_mfg=1.3818
2026-03-17 16:16:54 | INFO | case=ga_eval_0032_1773735414 fitness=-6.679887 total_error=6.679887
2026-03-17 16:16:54 | INFO | case=ga_eval_0033_1773735414 candidate={"flare": 1.6222435082633804, "length": 0.12, "mouth_radius": 0.15310178720881443, "throat_radius": 0.02}
2026-03-17 16:16:54 | INFO | Mock mesh generated at E:\pythonGATH\outputs\mesh\ga_eval_0033_1773735414.msh
2026-03-17 16:16:54 | INFO | Mock solver output generated at E:\pythonGATH\outputs\solver\ga_eval_0033_1773735414_observations.csv
2026-03-17 16:16:54 | INFO | score case=ga_eval_0033_1773735414 J=6.6152 E_in=3.2103 E_out=15.9024 E_bw=0.2266 E_smooth=10.3912 E_eff=0.0920 E_mfg=0.0446
2026-03-17 16:16:54 | INFO | case=ga_eval_0033_1773735414 fitness=-6.615218 total_error=6.615218
2026-03-17 16:16:54 | INFO | case=ga_eval_0034_1773735414 candidate={"flare": 1.5409771506942418, "length": 0.12, "mouth_radius": 0.2336433517201555, "throat_radius": 0.02}
2026-03-17 16:16:54 | INFO | Mock mesh generated at E:\pythonGATH\outputs\mesh\ga_eval_0034_1773735414.msh
2026-03-17 16:16:54 | INFO | Mock solver output generated at E:\pythonGATH\outputs\solver\ga_eval_0034_1773735414_observations.csv
2026-03-17 16:16:54 | INFO | score case=ga_eval_0034_1773735414 J=7.1224 E_in=3.2123 E_out=16.5546 E_bw=0.2863 E_smooth=10.7073 E_eff=0.2016 E_mfg=5.6547
2026-03-17 16:16:54 | INFO | case=ga_eval_0034_1773735414 fitness=-7.122426 total_error=7.122426
2026-03-17 16:16:54 | INFO | case=ga_eval_0035_1773735414 candidate={"flare": 1.6574215427234285, "length": 0.12688698358337652, "mouth_radius": 0.24485038815145194, "throat_radius": 0.02}
2026-03-17 16:16:54 | INFO | Mock mesh generated at E:\pythonGATH\outputs\mesh\ga_eval_0035_1773735414.msh
2026-03-17 16:16:54 | INFO | Mock solver output generated at E:\pythonGATH\outputs\solver\ga_eval_0035_1773735414_observations.csv
2026-03-17 16:16:54 | INFO | score case=ga_eval_0035_1773735414 J=7.3286 E_in=3.6959 E_out=16.3510 E_bw=0.8070 E_smooth=10.7730 E_eff=0.2022 E_mfg=5.5031
2026-03-17 16:16:54 | INFO | case=ga_eval_0035_1773735414 fitness=-7.328647 total_error=7.328647
2026-03-17 16:16:54 | INFO | case=ga_eval_0036_1773735414 candidate={"flare": 1.6222435082633804, "length": 0.12, "mouth_radius": 0.15310178720881443, "throat_radius": 0.02}
2026-03-17 16:16:54 | INFO | Mock mesh generated at E:\pythonGATH\outputs\mesh\ga_eval_0036_1773735414.msh
2026-03-17 16:16:54 | INFO | Mock solver output generated at E:\pythonGATH\outputs\solver\ga_eval_0036_1773735414_observations.csv
2026-03-17 16:16:54 | INFO | score case=ga_eval_0036_1773735414 J=6.6152 E_in=3.2103 E_out=15.9024 E_bw=0.2266 E_smooth=10.3912 E_eff=0.0920 E_mfg=0.0446
2026-03-17 16:16:54 | INFO | case=ga_eval_0036_1773735414 fitness=-6.615218 total_error=6.615218
2026-03-17 16:16:54 | INFO | case=ga_eval_0037_1773735414 candidate={"flare": 1.6619446205192807, "length": 0.12, "mouth_radius": 0.19077173165600075, "throat_radius": 0.02}
2026-03-17 16:16:54 | INFO | Mock mesh generated at E:\pythonGATH\outputs\mesh\ga_eval_0037_1773735414.msh
2026-03-17 16:16:54 | INFO | Mock solver output generated at E:\pythonGATH\outputs\solver\ga_eval_0037_1773735414_observations.csv
2026-03-17 16:16:54 | INFO | score case=ga_eval_0037_1773735414 J=6.6519 E_in=3.2102 E_out=15.5936 E_bw=0.9063 E_smooth=10.2386 E_eff=0.1844 E_mfg=0.6526
2026-03-17 16:16:54 | INFO | case=ga_eval_0037_1773735414 fitness=-6.651884 total_error=6.651884
2026-03-17 16:16:54 | INFO | case=ga_eval_0038_1773735414 candidate={"flare": 1.4139810570938682, "length": 0.12, "mouth_radius": 0.15109226096238867, "throat_radius": 0.02}
2026-03-17 16:16:54 | INFO | Mock mesh generated at E:\pythonGATH\outputs\mesh\ga_eval_0038_1773735414.msh
2026-03-17 16:16:54 | INFO | Mock solver output generated at E:\pythonGATH\outputs\solver\ga_eval_0038_1773735414_observations.csv
2026-03-17 16:16:54 | INFO | score case=ga_eval_0038_1773735414 J=7.8816 E_in=3.2205 E_out=17.6273 E_bw=4.9372 E_smooth=11.2115 E_eff=0.0693 E_mfg=0.0114
2026-03-17 16:16:54 | INFO | case=ga_eval_0038_1773735414 fitness=-7.881583 total_error=7.881583
2026-03-17 16:16:54 | INFO | case=ga_eval_0039_1773735414 candidate={"flare": 1.7640159398526885, "length": 0.12346333650276452, "mouth_radius": 0.1774922058780021, "throat_radius": 0.02}
2026-03-17 16:16:54 | INFO | Mock mesh generated at E:\pythonGATH\outputs\mesh\ga_eval_0039_1773735414.msh
2026-03-17 16:16:54 | INFO | Mock solver output generated at E:\pythonGATH\outputs\solver\ga_eval_0039_1773735414_observations.csv
2026-03-17 16:16:54 | INFO | score case=ga_eval_0039_1773735414 J=7.1266 E_in=3.4440 E_out=15.1771 E_bw=4.5166 E_smooth=10.1061 E_eff=0.1689 E_mfg=0.0927
2026-03-17 16:16:54 | INFO | case=ga_eval_0039_1773735414 fitness=-7.126595 total_error=7.126595
2026-03-17 16:16:54 | INFO | case=ga_eval_0040_1773735414 candidate={"flare": 1.536737093455383, "length": 0.13376968708520545, "mouth_radius": 0.18950572210897781, "throat_radius": 0.02}
2026-03-17 16:16:54 | INFO | Mock mesh generated at E:\pythonGATH\outputs\mesh\ga_eval_0040_1773735414.msh
2026-03-17 16:16:54 | INFO | Mock solver output generated at E:\pythonGATH\outputs\solver\ga_eval_0040_1773735414_observations.csv
2026-03-17 16:16:54 | INFO | score case=ga_eval_0040_1773735414 J=7.7892 E_in=4.2652 E_out=18.1034 E_bw=0.3472 E_smooth=11.7846 E_eff=0.1804 E_mfg=0.0342
2026-03-17 16:16:54 | INFO | case=ga_eval_0040_1773735414 fitness=-7.789163 total_error=7.789163
2026-03-17 16:16:54 | INFO | case=ga_eval_0041_1773735414 candidate={"flare": 1.6222435082633804, "length": 0.12, "mouth_radius": 0.15310178720881443, "throat_radius": 0.02}
2026-03-17 16:16:54 | INFO | Mock mesh generated at E:\pythonGATH\outputs\mesh\ga_eval_0041_1773735414.msh
2026-03-17 16:16:54 | INFO | Mock solver output generated at E:\pythonGATH\outputs\solver\ga_eval_0041_1773735414_observations.csv
2026-03-17 16:16:54 | INFO | score case=ga_eval_0041_1773735414 J=6.6152 E_in=3.2103 E_out=15.9024 E_bw=0.2266 E_smooth=10.3912 E_eff=0.0920 E_mfg=0.0446
2026-03-17 16:16:54 | INFO | case=ga_eval_0041_1773735414 fitness=-6.615218 total_error=6.615218
2026-03-17 16:16:54 | INFO | case=ga_eval_0042_1773735414 candidate={"flare": 1.6619446205192807, "length": 0.12, "mouth_radius": 0.19077173165600075, "throat_radius": 0.02}
2026-03-17 16:16:54 | INFO | Mock mesh generated at E:\pythonGATH\outputs\mesh\ga_eval_0042_1773735414.msh
2026-03-17 16:16:54 | INFO | Mock solver output generated at E:\pythonGATH\outputs\solver\ga_eval_0042_1773735414_observations.csv
2026-03-17 16:16:54 | INFO | score case=ga_eval_0042_1773735414 J=6.6519 E_in=3.2102 E_out=15.5936 E_bw=0.9063 E_smooth=10.2386 E_eff=0.1844 E_mfg=0.6526
2026-03-17 16:16:54 | INFO | case=ga_eval_0042_1773735414 fitness=-6.651884 total_error=6.651884
2026-03-17 16:16:54 | INFO | case=ga_eval_0043_1773735414 candidate={"flare": 1.7933673848235228, "length": 0.13589754584166114, "mouth_radius": 0.1657667931316255, "throat_radius": 0.02}
2026-03-17 16:16:54 | INFO | Mock mesh generated at E:\pythonGATH\outputs\mesh\ga_eval_0043_1773735414.msh
2026-03-17 16:16:54 | INFO | Mock solver output generated at E:\pythonGATH\outputs\solver\ga_eval_0043_1773735414_observations.csv
2026-03-17 16:16:54 | INFO | score case=ga_eval_0043_1773735414 J=8.0745 E_in=4.3867 E_out=16.2084 E_bw=6.0014 E_smooth=10.9075 E_eff=0.1459 E_mfg=0.0880
2026-03-17 16:16:54 | INFO | case=ga_eval_0043_1773735414 fitness=-8.074472 total_error=8.074472
2026-03-17 16:16:54 | INFO | case=ga_eval_0044_1773735414 candidate={"flare": 1.696263941143008, "length": 0.12, "mouth_radius": 0.16224452136934958, "throat_radius": 0.02}
2026-03-17 16:16:54 | INFO | Mock mesh generated at E:\pythonGATH\outputs\mesh\ga_eval_0044_1773735414.msh
2026-03-17 16:16:54 | INFO | Mock solver output generated at E:\pythonGATH\outputs\solver\ga_eval_0044_1773735414_observations.csv
2026-03-17 16:16:54 | INFO | score case=ga_eval_0044_1773735414 J=6.6738 E_in=3.2106 E_out=15.3318 E_bw=1.8345 E_smooth=10.1077 E_eff=0.1287 E_mfg=0.0616
2026-03-17 16:16:54 | INFO | case=ga_eval_0044_1773735414 fitness=-6.673846 total_error=6.673846
2026-03-17 16:16:54 | INFO | case=ga_eval_0045_1773735414 candidate={"flare": 1.5642712499855516, "length": 0.12124556469666137, "mouth_radius": 0.16683899855479095, "throat_radius": 0.02}
2026-03-17 16:16:54 | INFO | Mock mesh generated at E:\pythonGATH\outputs\mesh\ga_eval_0045_1773735414.msh
2026-03-17 16:16:54 | INFO | Mock solver output generated at E:\pythonGATH\outputs\solver\ga_eval_0045_1773735414_observations.csv
2026-03-17 16:16:54 | INFO | score case=ga_eval_0045_1773735414 J=6.8212 E_in=3.2968 E_out=16.4998 E_bw=0.0576 E_smooth=10.7112 E_eff=0.1335 E_mfg=0.0332
2026-03-17 16:16:54 | INFO | case=ga_eval_0045_1773735414 fitness=-6.821200 total_error=6.821200
2026-03-17 16:16:54 | INFO | case=ga_eval_0046_1773735414 candidate={"flare": 1.6222435082633804, "length": 0.12, "mouth_radius": 0.15310178720881443, "throat_radius": 0.02}
2026-03-17 16:16:54 | INFO | Mock mesh generated at E:\pythonGATH\outputs\mesh\ga_eval_0046_1773735414.msh
2026-03-17 16:16:54 | INFO | Mock solver output generated at E:\pythonGATH\outputs\solver\ga_eval_0046_1773735414_observations.csv
2026-03-17 16:16:54 | INFO | score case=ga_eval_0046_1773735414 J=6.6152 E_in=3.2103 E_out=15.9024 E_bw=0.2266 E_smooth=10.3912 E_eff=0.0920 E_mfg=0.0446
2026-03-17 16:16:54 | INFO | case=ga_eval_0046_1773735414 fitness=-6.615218 total_error=6.615218
2026-03-17 16:16:54 | INFO | case=ga_eval_0047_1773735414 candidate={"flare": 1.6619446205192807, "length": 0.12, "mouth_radius": 0.19077173165600075, "throat_radius": 0.02}
2026-03-17 16:16:54 | INFO | Mock mesh generated at E:\pythonGATH\outputs\mesh\ga_eval_0047_1773735414.msh
2026-03-17 16:16:54 | INFO | Mock solver output generated at E:\pythonGATH\outputs\solver\ga_eval_0047_1773735414_observations.csv
2026-03-17 16:16:54 | INFO | score case=ga_eval_0047_1773735414 J=6.6519 E_in=3.2102 E_out=15.5936 E_bw=0.9063 E_smooth=10.2386 E_eff=0.1844 E_mfg=0.6526
2026-03-17 16:16:54 | INFO | case=ga_eval_0047_1773735414 fitness=-6.651884 total_error=6.651884
2026-03-17 16:16:54 | INFO | case=ga_eval_0048_1773735414 candidate={"flare": 1.8361699999348549, "length": 0.12, "mouth_radius": 0.22347995339827714, "throat_radius": 0.02}
2026-03-17 16:16:54 | INFO | Mock mesh generated at E:\pythonGATH\outputs\mesh\ga_eval_0048_1773735414.msh
2026-03-17 16:16:54 | INFO | Mock solver output generated at E:\pythonGATH\outputs\solver\ga_eval_0048_1773735414_observations.csv
2026-03-17 16:16:54 | INFO | score case=ga_eval_0048_1773735414 J=7.5470 E_in=3.2169 E_out=14.3139 E_bw=8.4875 E_smooth=9.5835 E_eff=0.2010 E_mfg=4.0735
2026-03-17 16:16:54 | INFO | case=ga_eval_0048_1773735414 fitness=-7.546951 total_error=7.546951
2026-03-17 16:16:54 | INFO | case=ga_eval_0049_1773735414 candidate={"flare": 1.6025995347559658, "length": 0.12, "mouth_radius": 0.18988297347685953, "throat_radius": 0.02}
2026-03-17 16:16:54 | INFO | Mock mesh generated at E:\pythonGATH\outputs\mesh\ga_eval_0049_1773735414.msh
2026-03-17 16:16:54 | INFO | Mock solver output generated at E:\pythonGATH\outputs\solver\ga_eval_0049_1773735414_observations.csv
2026-03-17 16:16:54 | INFO | score case=ga_eval_0049_1773735414 J=6.6718 E_in=3.2105 E_out=16.0576 E_bw=0.0558 E_smooth=10.4672 E_eff=0.1821 E_mfg=0.5896
2026-03-17 16:16:54 | INFO | case=ga_eval_0049_1773735414 fitness=-6.671814 total_error=6.671814
2026-03-17 16:16:54 | INFO | case=ga_eval_0050_1773735414 candidate={"flare": 1.2946217497948391, "length": 0.12, "mouth_radius": 0.18890959545663477, "throat_radius": 0.02}
2026-03-17 16:16:54 | INFO | Mock mesh generated at E:\pythonGATH\outputs\mesh\ga_eval_0050_1773735414.msh
2026-03-17 16:16:54 | INFO | Mock solver output generated at E:\pythonGATH\outputs\solver\ga_eval_0050_1773735414_observations.csv
2026-03-17 16:16:54 | INFO | score case=ga_eval_0050_1773735414 J=9.8484 E_in=3.2338 E_out=18.6952 E_bw=15.5183 E_smooth=11.6967 E_eff=0.1766 E_mfg=0.4989
2026-03-17 16:16:54 | INFO | case=ga_eval_0050_1773735414 fitness=-9.848404 total_error=9.848404
2026-03-17 16:16:54 | INFO | Minimal optimization finished. Result stored at E:\pythonGATH\outputs\minimal_optimization_result.json
