2026-03-17 13:52:43 | INFO | Starting minimal optimization in mode=real
2026-03-17 13:52:43 | INFO | ATH check command rc=0
2026-03-17 13:52:43 | INFO | ATH stdout: Ath V2025-06
Usage: ath <horn_definition_file>
2026-03-17 13:52:44 | INFO | Gmsh command rc=0
2026-03-17 13:52:44 | INFO | Gmsh stdout: Info    : Running 'C:\Users\UZAWAR\AppData\Local\Microsoft\WinGet\Packages\gmsh.gmsh_Microsoft.Winget.Source_8wekyb3d8bbwe\gmsh-4.13.1-Windows64\gmsh.EXE E:\pythonGATH\outputs\tmp\ga_eval_0001_1773726763.geo -3 -o E:\pythonGATH\outputs\mesh\ga_eval_0001_1773726763.msh' [Gmsh 4.13.1, 1 node, max. 1 thread]
Info    : Started on Tue Mar 17 13:52:43 2026
Info    : Reading 'E:\pythonGATH\outputs\tmp\ga_eval_0001_1773726763.geo'...
Info    : Done reading 'E:\pythonGATH\outputs\tmp\ga_eval_0001_1773726763.geo'
Info    : Meshing 1D...
Info    : [  0%] Meshing curve 1 (Line)
Info    : [ 10%] Meshing curve 2 (Line)
Info    : [ 20%] Meshing curve 3 (Line)
Info    : [ 30%] Meshing curve 4 (Line)
Info    : [ 40%] Meshing curve 6 (Line)
Info    : [ 50%] Meshing curve 7 (Line)
Info    : [ 60%] Meshing curve 8 (Line)
Info    : [ 60%] Meshing curve 9 (Line)
Info    : [ 70%] Meshing curve 11 (Line)
Info    : [ 80%] Meshing curve 12 (Line)
Info    : [ 90%] Meshing curve 16 (Line)
Info    : [100%] Meshing curve 20 (Line)
Info    : Done meshing 1D (Wall 0.00107121s, CPU 0s)
Info    : Meshing 2D...
Info    : [  0%] Meshing surface 1 (Plane, Frontal-Delaunay)
Info    : [ 20%] Meshing surface 13 (Surface, Frontal-Delaunay)
Info    : [ 40%] Meshing surface 17 (Surface, Frontal-Delaunay)
Info    : [ 60%] Meshing surface 21 (Surface, Frontal-Delaunay)
Info    : [ 70%] Meshing surface 25 (Surface, Frontal-Delaunay)
Info    : [ 90%] Meshing surface 26 (Plane, Frontal-Delaunay)
Info    : Done meshing 2D (Wall 0.00894094s, CPU 0s)
Info    : Meshing 3D...
Info    : 3D Meshing 1 volume with 1 connected component
Info    : Tetrahedrizing 497 nodes...
Info    : Done tetrahedrizing 505 nodes (Wall 0.00301695s, CPU 0s)
Info    : Reconstructing mesh...
Info    :  - Creating surface mesh
Info    :  - Identifying boundary edges
Info    :  - Recovering boundary
Info    :  - Added 1 Steiner point
Info    : Done reconstructing mesh (Wall 0.00791621s, CPU 0s)
Info    : Found volume 1
Info    : It. 0 - 0 nodes created - worst tet radius 1.19456 (nodes removed 0 0)
Info    : 3D refinement terminated (499 nodes total):
Info    :  - 0 Delaunay cavities modified for star shapeness
Info    :  - 2 nodes could not be inserted
Info    :  - 1316 tetrahedra created in 0.000118971 sec. (11061531 tets/s)
Info    : 2 node relocations
Info    : Done meshing 3D (Wall 0.0148034s, CPU 0s)
Info    : Optimizing mesh...
Info    : Optimizing volume 1
Info    : Optimization starts (volume = 0.000231594) with worst = 0.22738 / average = 0.726929:
Info    : 0.00 < quality < 0.10 :         0 elements
Info    : 0.10 < quality < 0.20 :         0 elements
Info    : 0.20 < quality < 0.30 :         1 elements
Info    : 0.30 < quality < 0.40 :         7 elements
Info    : 0.40 < quality < 0.50 :        29 elements
Info    : 0.50 < quality < 0.60 :       187 elements
Info    : 0.60 < quality < 0.70 :       156 elements
Info    : 0.70 < quality < 0.80 :       494 elements
Info    : 0.80 < quality < 0.90 :       437 elements
Info    : 0.90 < quality < 1.00 :         5 elements
Info    : 1 edge swaps, 1 node relocations (volume = 0.000231594): worst = 0.270212 / average = 0.726975 (Wall 0.000606775s, CPU 0s)
Info    : 2 edge swaps, 2 node relocations (volume = 0.000231594): worst = 0.270212 / average = 0.726975 (Wall 0.000786781s, CPU 0s)
Info    : No ill-shaped tets in the mesh :-)
Info    : 0.00 < quality < 0.10 :         0 elements
Info    : 0.10 < quality < 0.20 :         0 elements
Info    : 0.20 < quality < 0.30 :         0 elements
Info    : 0.30 < quality < 0.40 :         6 elements
Info    : 0.40 < quality < 0.50 :        28 elements
Info    : 0.50 < quality < 0.60 :       189 elements
Info    : 0.60 < quality < 0.70 :       156 elements
Info    : 0.70 < quality < 0.80 :       497 elements
Info    : 0.80 < quality < 0.90 :       432 elements
Info    : 0.90 < quality < 1.00 :         5 elements
Info    : Done optimizing mesh (Wall 0.00204897s, CPU 0s)
Info    : 499 nodes 2460 elements
Info    : Writing 'E:\pythonGATH\outputs\mesh\ga_eval_0001_1773726763.msh'...
Info    : Done writing 'E:\pythonGATH\outputs\mesh\ga_eval_0001_1773726763.msh'
Info    : Stopped on Tue Mar 17 13:52:43 2026 (From start: Wall 0.032526s, CPU 0s)
2026-03-17 13:52:44 | INFO | Mesh handoff metadata written to E:\pythonGATH\outputs\handoff\ga_eval_0001_1773726763_mesh_handoff.json
2026-03-17 13:52:44 | INFO | Mesh handoff: exists=True size=73431 wsl_readable=True wsl_path=/mnt/e/pythonGATH/outputs/mesh/ga_eval_0001_1773726763.msh
2026-03-17 13:52:52 | INFO | Real-mode WSL solver completed. first_run=4.276s repeated_avg=4.241393399999652
2026-03-17 13:52:52 | INFO | score case=ga_eval_0001_1773726763 J=49.1858 E_in=48.8467 E_out=34.5281 E_bw=120.2729 E_smooth=24.7452 E_eff=0.1821 E_mfg=0.0274
2026-03-17 13:52:52 | INFO | case=ga_eval_0001_1773726763 fitness=-49.185792 total_error=49.185792
2026-03-17 13:52:52 | INFO | ATH check command rc=0
2026-03-17 13:52:52 | INFO | ATH stdout: Ath V2025-06
Usage: ath <horn_definition_file>
2026-03-17 13:52:53 | INFO | Gmsh command rc=0
2026-03-17 13:52:53 | INFO | Gmsh stdout: Info    : Running 'C:\Users\UZAWAR\AppData\Local\Microsoft\WinGet\Packages\gmsh.gmsh_Microsoft.Winget.Source_8wekyb3d8bbwe\gmsh-4.13.1-Windows64\gmsh.EXE E:\pythonGATH\outputs\tmp\ga_eval_0002_1773726772.geo -3 -o E:\pythonGATH\outputs\mesh\ga_eval_0002_1773726772.msh' [Gmsh 4.13.1, 1 node, max. 1 thread]
Info    : Started on Tue Mar 17 13:52:52 2026
Info    : Reading 'E:\pythonGATH\outputs\tmp\ga_eval_0002_1773726772.geo'...
Info    : Done reading 'E:\pythonGATH\outputs\tmp\ga_eval_0002_1773726772.geo'
Info    : Meshing 1D...
Info    : [  0%] Meshing curve 1 (Line)
Info    : [ 10%] Meshing curve 2 (Line)
Info    : [ 20%] Meshing curve 3 (Line)
Info    : [ 30%] Meshing curve 4 (Line)
Info    : [ 40%] Meshing curve 6 (Line)
Info    : [ 50%] Meshing curve 7 (Line)
Info    : [ 60%] Meshing curve 8 (Line)
Info    : [ 60%] Meshing curve 9 (Line)
Info    : [ 70%] Meshing curve 11 (Line)
Info    : [ 80%] Meshing curve 12 (Line)
Info    : [ 90%] Meshing curve 16 (Line)
Info    : [100%] Meshing curve 20 (Line)
Info    : Done meshing 1D (Wall 0.000946999s, CPU 0s)
Info    : Meshing 2D...
Info    : [  0%] Meshing surface 1 (Plane, Frontal-Delaunay)
Info    : [ 20%] Meshing surface 13 (Surface, Frontal-Delaunay)
Info    : [ 40%] Meshing surface 17 (Surface, Frontal-Delaunay)
Info    : [ 60%] Meshing surface 21 (Surface, Frontal-Delaunay)
Info    : [ 70%] Meshing surface 25 (Surface, Frontal-Delaunay)
Info    : [ 90%] Meshing surface 26 (Plane, Frontal-Delaunay)
Info    : Done meshing 2D (Wall 0.0213299s, CPU 0s)
Info    : Meshing 3D...
Info    : 3D Meshing 1 volume with 1 connected component
Info    : Tetrahedrizing 1095 nodes...
Info    : Done tetrahedrizing 1103 nodes (Wall 0.00783992s, CPU 0s)
Info    : Reconstructing mesh...
Info    :  - Creating surface mesh
Info    :  - Identifying boundary edges
Info    :  - Recovering boundary
Info    : Done reconstructing mesh (Wall 0.0168059s, CPU 0s)
Info    : Found volume 1
Info    : It. 0 - 0 nodes created - worst tet radius 1.62649 (nodes removed 0 0)
Info    : 3D refinement terminated (1356 nodes total):
Info    :  - 0 Delaunay cavities modified for star shapeness
Info    :  - 0 nodes could not be inserted
Info    :  - 4739 tetrahedra created in 0.00779915 sec. (607630 tets/s)
Info    : 0 node relocations
Info    : Done meshing 3D (Wall 0.043889s, CPU 0s)
Info    : Optimizing mesh...
Info    : Optimizing volume 1
Info    : Optimization starts (volume = 0.00196765) with worst = 0.0221003 / average = 0.745042:
Info    : 0.00 < quality < 0.10 :        14 elements
Info    : 0.10 < quality < 0.20 :        29 elements
Info    : 0.20 < quality < 0.30 :        35 elements
Info    : 0.30 < quality < 0.40 :        66 elements
Info    : 0.40 < quality < 0.50 :       117 elements
Info    : 0.50 < quality < 0.60 :       270 elements
Info    : 0.60 < quality < 0.70 :       901 elements
Info    : 0.70 < quality < 0.80 :      1597 elements
Info    : 0.80 < quality < 0.90 :      1202 elements
Info    : 0.90 < quality < 1.00 :       508 elements
Info    : 77 edge swaps, 1 node relocations (volume = 0.00196765): worst = 0.300905 / average = 0.755348 (Wall 0.00141072s, CPU 0s)
Info    : No ill-shaped tets in the mesh :-)
Info    : 0.00 < quality < 0.10 :         0 elements
Info    : 0.10 < quality < 0.20 :         0 elements
Info    : 0.20 < quality < 0.30 :         0 elements
Info    : 0.30 < quality < 0.40 :        65 elements
Info    : 0.40 < quality < 0.50 :       115 elements
Info    : 0.50 < quality < 0.60 :       267 elements
Info    : 0.60 < quality < 0.70 :       886 elements
Info    : 0.70 < quality < 0.80 :      1617 elements
Info    : 0.80 < quality < 0.90 :      1211 elements
Info    : 0.90 < quality < 1.00 :       507 elements
Info    : Done optimizing mesh (Wall 0.00451493s, CPU 0s)
Info    : 1356 nodes 7044 elements
Info    : Writing 'E:\pythonGATH\outputs\mesh\ga_eval_0002_1773726772.msh'...
Info    : Done writing 'E:\pythonGATH\outputs\mesh\ga_eval_0002_1773726772.msh'
Info    : Stopped on Tue Mar 17 13:52:53 2026 (From start: Wall 0.0809112s, CPU 0s)
2026-03-17 13:52:53 | INFO | Mesh handoff metadata written to E:\pythonGATH\outputs\handoff\ga_eval_0002_1773726772_mesh_handoff.json
2026-03-17 13:52:53 | INFO | Mesh handoff: exists=True size=231521 wsl_readable=True wsl_path=/mnt/e/pythonGATH/outputs/mesh/ga_eval_0002_1773726772.msh
2026-03-17 13:53:02 | INFO | Real-mode WSL solver completed. first_run=4.324s repeated_avg=4.311422399994626
2026-03-17 13:53:02 | INFO | score case=ga_eval_0002_1773726772 J=74.6636 E_in=58.3533 E_out=44.9256 E_bw=242.3183 E_smooth=29.8163 E_eff=0.0244 E_mfg=0.0953
2026-03-17 13:53:02 | INFO | case=ga_eval_0002_1773726772 fitness=-74.663573 total_error=74.663573
2026-03-17 13:53:02 | INFO | Minimal optimization finished. Result stored at E:\pythonGATH\outputs\minimal_optimization_result.json
