Info    : Running 'E:\pythonGATH\.venv\Scripts\gmsh bem_mesh.geo -' [Gmsh 4.15.1, 1 node, max. 1 thread]
Info    : Started on Wed Apr 01 04:42:33 2026
Info    : Reading 'bem_mesh.geo'...
Info    : Running 'E:\pythonGATH\.venv\Scripts\gmsh mesh.geo -' [Gmsh 4.15.1, 1 node, max. 1 thread]
Info    : Started on Wed Apr 01 04:42:34 2026
Info    : Reading 'mesh.geo'...

-destination directory: E:\pythonGATH\ath-2025-06\projects\Autima_1_8\runs\20260401_044233\ath\horn
-calculating profiles
-morphing to rectangle
-morph: adding -84.3425 mm in width
-morph: adding -86.7855 mm in height
-fixed length: 188.928 mm
-stretched to boundary: dx=87.5153 dy=86.7311
-stretched to boundary: dx=0 dy=0
Maximum radius: 341.658 mm (683.316 mm diameter)
-created directory E:\pythonGATH\ath-2025-06\projects\Autima_1_8\runs\20260401_044233\ath\horn\ABEC_FreeStanding
-writing ABEC project
-writing geo file bem_mesh.geo
-average mesh throat angle: 0.000 deg
-using flat driving
-enclosure dimensions: 560 x 516 x 160 mm
-running 'E:\pythonGATH\.venv\Scripts\python.exe E:\pythonGATH\.venv\Scripts\gmsh bem_mesh.geo -'
-running 'E:\pythonGATH\.venv\Scripts\python.exe E:\pythonGATH\.venv\Scripts\gmsh mesh.geo -'
Done.

Coverage angle at 0 deg:     27.548 deg
Coverage angle at 90 deg:    22.104 deg

Device width x height = 539.38 x 495.35 mm (21.235 x 19.502")
Device length =         188.93 mm (7.438")
