Info    : Running 'E:\pythonGATH\.venv\Scripts\gmsh bem_mesh.geo -' [Gmsh 4.15.1, 1 node, max. 1 thread]
Info    : Started on Wed Apr 01 17:50:04 2026
Info    : Reading 'bem_mesh.geo'...
Warning : Impossible to recover edge 4828 4828 (error tag -1)
Warning : Impossible to recover edge 1619 1619 (error tag -3)
Warning : Impossible to recover edge 4832 4832 (error tag -1)
Warning : Impossible to recover edge 4828 4828 (error tag -1)
Warning : Impossible to recover edge 4831 4831 (error tag -1)
Warning : Impossible to recover edge 4829 4829 (error tag -3)
Warning : Impossible to recover edge 4827 4827 (error tag -1)
Warning : Unable to recover the edge 18523 (34/64) on curve 103 (on surface 27)
Warning : Impossible to recover edge 1227 1227 (error tag -1)
Warning : Impossible to recover edge 4834 4834 (error tag -1)
Warning : Impossible to recover edge 4826 4826 (error tag -1)
Warning : Unable to recover the edge 10154 (21/61) on curve 81 (on surface 24)
Warning : Impossible to recover edge 1227 1227 (error tag -1)
Warning : Impossible to recover edge 4834 4834 (error tag -1)
Warning : Impossible to recover edge 4826 4826 (error tag -1)
Warning : Impossible to recover edge 5723 5723 (error tag -1)
Warning : Impossible to recover edge 4828 4828 (error tag -1)
Warning : Impossible to recover edge 4826 4826 (error tag -1)
Warning : Impossible to recover edge 5725 5725 (error tag -1)
Warning : Impossible to recover edge 4832 4832 (error tag -1)
Warning : Impossible to recover edge 4828 4828 (error tag -3)

-destination directory: E:\pythonGATH\ath-2025-06\projects\Autima_1_8\runs\20260401_175004\ath\horn
-calculating profiles
-morphing to rectangle
-morph: adding -111.115 mm in width
-morph: adding -74.9735 mm in height
-fixed length: 207.88 mm
-stretched to boundary: dx=110.874 dy=82.9349
-stretched to boundary: dx=0 dy=0
Maximum radius: 375.122 mm (750.243 mm diameter)
-created directory E:\pythonGATH\ath-2025-06\projects\Autima_1_8\runs\20260401_175004\ath\horn\ABEC_FreeStanding
-writing ABEC project
-writing geo file bem_mesh.geo
-average mesh throat angle: 0.000 deg
-using flat driving
-enclosure dimensions: 612 x 534 x 170 mm
-running 'E:\pythonGATH\.venv\Scripts\python.exe E:\pythonGATH\.venv\Scripts\gmsh bem_mesh.geo -'
error: gmsh call status = -1073741510
