Info    : Running 'E:\pythonGATH\.venv\Scripts\gmsh bem_mesh.geo -' [Gmsh 4.15.1, 1 node, max. 1 thread]
Info    : Started on Tue Mar 31 01:05:58 2026
Info    : Reading 'bem_mesh.geo'...
Info    : Running 'E:\pythonGATH\.venv\Scripts\gmsh mesh.geo -' [Gmsh 4.15.1, 1 node, max. 1 thread]
Info    : Started on Tue Mar 31 01:06:00 2026
Info    : Reading 'mesh.geo'...

-destination directory: E:\pythonGATH\ath-2025-06\projects\config\runs\20260331_010557\ath\horn
-calculating profiles
-morphing to rectangle
-morph: adding -233.267 mm in width
-morph: adding -228.683 mm in height
-fixed length: 255.001 mm
-stretched to boundary: dx=232.794 dy=228.406
-stretched to boundary: dx=0 dy=0
Maximum radius: 744.591 mm (1489.183 mm diameter)
-created directory E:\pythonGATH\ath-2025-06\projects\config\runs\20260331_010557\ath\horn\ABEC_FreeStanding
-writing ABEC project
-writing geo file bem_mesh.geo
-average mesh throat angle: 10.000 deg
-using flat driving
-enclosure dimensions: 1126 x 1054 x 310 mm
-running 'E:\pythonGATH\.venv\Scripts\python.exe E:\pythonGATH\.venv\Scripts\gmsh bem_mesh.geo -'
-running 'E:\pythonGATH\.venv\Scripts\python.exe E:\pythonGATH\.venv\Scripts\gmsh mesh.geo -'
Done.

Coverage angle at 0 deg:     42.374 deg
Coverage angle at 90 deg:    36.572 deg

Device width x height = 1104.64 x 1032.26 mm (43.490 x 40.640")
Device length =         255.00 mm (10.039")
