Info    : Running 'E:\pythonGATH\.venv\Scripts\gmsh bem_mesh.geo -' [Gmsh 4.15.1, 1 node, max. 1 thread]
Info    : Started on Thu Apr 02 00:09:34 2026
Info    : Reading 'bem_mesh.geo'...
Info    : Running 'E:\pythonGATH\.venv\Scripts\gmsh mesh.geo -' [Gmsh 4.15.1, 1 node, max. 1 thread]
Info    : Started on Thu Apr 02 00:09:35 2026
Info    : Reading 'mesh.geo'...

-destination directory: E:\pythonGATH\ath-2025-06\projects\Autima_1_8\runs\20260402_000934\ath\horn
-calculating profiles
-morphing to rectangle
-morph: adding -88.5705 mm in width
-morph: adding -50.612 mm in height
-fixed length: 175.254 mm
-stretched to boundary: dx=88.2172 dy=60.217
-stretched to boundary: dx=0 dy=0
Maximum radius: 331.150 mm (662.301 mm diameter)
-created directory E:\pythonGATH\ath-2025-06\projects\Autima_1_8\runs\20260402_000934\ath\horn\ABEC_FreeStanding
-writing ABEC project
-writing geo file bem_mesh.geo
-average mesh throat angle: 0.000 deg
-using flat driving
-enclosure dimensions: 546 x 474 x 170 mm
-running 'E:\pythonGATH\.venv\Scripts\python.exe E:\pythonGATH\.venv\Scripts\gmsh bem_mesh.geo -'
-running 'E:\pythonGATH\.venv\Scripts\python.exe E:\pythonGATH\.venv\Scripts\gmsh mesh.geo -'
Done.

Coverage angle at 0 deg:     29.729 deg
Coverage angle at 90 deg:    24.068 deg

Device width x height = 525.73 x 453.64 mm (20.698 x 17.860")
Device length =         175.25 mm (6.900")
