Info    : Running 'E:\pythonGATH\.venv\Scripts\gmsh bem_mesh.geo -' [Gmsh 4.15.1, 1 node, max. 1 thread]
Info    : Started on Thu Apr 02 00:22:26 2026
Info    : Reading 'bem_mesh.geo'...
Warning : Could not orient normal of surface 27
Warning : ------------------------------
Warning : Mesh generation error summary
Warning :     1 warning
Warning :     0 errors
Warning : Check the full log for details
Warning : ------------------------------
Info    : Running 'E:\pythonGATH\.venv\Scripts\gmsh mesh.geo -' [Gmsh 4.15.1, 1 node, max. 1 thread]
Info    : Started on Thu Apr 02 00:22:27 2026
Info    : Reading 'mesh.geo'...

-destination directory: E:\pythonGATH\ath-2025-06\projects\Autima_1_8\runs\20260402_002226\ath\horn
-calculating profiles
-morphing to rectangle
-morph: adding -112.046 mm in width
-morph: adding -81.3415 mm in height
-fixed length: 194.364 mm
-stretched to boundary: dx=111.617 dy=78.3134
-stretched to boundary: dx=0 dy=0
Maximum radius: 374.095 mm (748.190 mm diameter)
-created directory E:\pythonGATH\ath-2025-06\projects\Autima_1_8\runs\20260402_002226\ath\horn\ABEC_FreeStanding
-writing ABEC project
-writing geo file bem_mesh.geo
-average mesh throat angle: 0.000 deg
-using flat driving
-enclosure dimensions: 606 x 496 x 170 mm
-running 'E:\pythonGATH\.venv\Scripts\python.exe E:\pythonGATH\.venv\Scripts\gmsh bem_mesh.geo -'
-running 'E:\pythonGATH\.venv\Scripts\python.exe E:\pythonGATH\.venv\Scripts\gmsh mesh.geo -'
Done.

Coverage angle at 0 deg:     26.745 deg
Coverage angle at 90 deg:    21.385 deg

Device width x height = 584.37 x 474.57 mm (23.007 x 18.684")
Device length =         194.36 mm (7.652")
