Info    : Running 'E:\pythonGATH\.venv\Scripts\gmsh bem_mesh.geo -' [Gmsh 4.15.1, 1 node, max. 1 thread]
Info    : Started on Wed Apr 01 05:10:34 2026
Info    : Reading 'bem_mesh.geo'...
Info    : Running 'E:\pythonGATH\.venv\Scripts\gmsh mesh.geo -' [Gmsh 4.15.1, 1 node, max. 1 thread]
Info    : Started on Wed Apr 01 05:10:35 2026
Info    : Reading 'mesh.geo'...

-destination directory: E:\pythonGATH\ath-2025-06\projects\Autima_1_8\runs\20260401_051034\ath\horn
-calculating profiles
-morphing to rectangle
-morph: adding -81.782 mm in width
-morph: adding -76.6765 mm in height
-fixed length: 188.716 mm
-stretched to boundary: dx=81.6016 dy=76.0936
-stretched to boundary: dx=0 dy=0
Maximum radius: 331.364 mm (662.728 mm diameter)
-created directory E:\pythonGATH\ath-2025-06\projects\Autima_1_8\runs\20260401_051034\ath\horn\ABEC_FreeStanding
-writing ABEC project
-writing geo file bem_mesh.geo
-average mesh throat angle: 0.000 deg
-using flat driving
-enclosure dimensions: 542 x 494 x 160 mm
-running 'E:\pythonGATH\.venv\Scripts\python.exe E:\pythonGATH\.venv\Scripts\gmsh bem_mesh.geo -'
-running 'E:\pythonGATH\.venv\Scripts\python.exe E:\pythonGATH\.venv\Scripts\gmsh mesh.geo -'
Done.

Coverage angle at 0 deg:     27.580 deg
Coverage angle at 90 deg:    22.132 deg

Device width x height = 520.84 x 473.02 mm (20.506 x 18.623")
Device length =         188.72 mm (7.430")
